interactions:
- request:
    body: status=Toot%21
    headers:
      Accept:
      - '*/*'
      Accept-Encoding:
      - gzip, deflate
      Authorization:
      - Bearer __MASTODON_PY_TEST_ACCESS_TOKEN
      Connection:
      - keep-alive
      Content-Length:
      - '14'
      Content-Type:
      - application/x-www-form-urlencoded
      User-Agent:
      - tests/v311
    method: POST
    uri: http://localhost:3000/api/v1/statuses
  response:
    body:
      string: '{"id":"109367693551563490","created_at":"2022-11-19T00:42:46.157Z","in_reply_to_id":null,"in_reply_to_account_id":null,"sensitive":false,"spoiler_text":"","visibility":"public","language":"ja","uri":"http://localhost:3000/users/mastodonpy_test/statuses/109367693551563490","url":"http://localhost:3000/@mastodonpy_test/109367693551563490","replies_count":0,"reblogs_count":0,"favourites_count":0,"edited_at":null,"favourited":false,"reblogged":false,"muted":false,"bookmarked":false,"pinned":false,"content":"\u003cp\u003eToot!\u003c/p\u003e","filtered":[],"reblog":null,"application":{"name":"Mastodon.py
        test suite","website":null},"account":{"id":"109367691239664003","username":"mastodonpy_test","acct":"mastodonpy_test","display_name":"John
        Lennon","locked":true,"bot":false,"discoverable":null,"group":false,"created_at":"2022-11-19T00:00:00.000Z","note":"\u003cp\u003eI
        walk funny\u003c/p\u003e","url":"http://localhost:3000/@mastodonpy_test","avatar":"http://localhost:3000/system/accounts/avatars/109/367/691/239/664/003/original/1063e26998b14a98.jpg","avatar_static":"http://localhost:3000/system/accounts/avatars/109/367/691/239/664/003/original/1063e26998b14a98.jpg","header":"http://localhost:3000/system/accounts/headers/109/367/691/239/664/003/original/a07903ff76e88927.jpg","header_static":"http://localhost:3000/system/accounts/headers/109/367/691/239/664/003/original/a07903ff76e88927.jpg","followers_count":0,"following_count":0,"statuses_count":1,"last_status_at":"2022-11-19","noindex":false,"emojis":[],"fields":[{"name":"bread","value":"toasty.","verified_at":null},{"name":"lasagna","value":"no!!!","verified_at":null}]},"media_attachments":[],"mentions":[],"tags":[],"emojis":[],"card":null,"poll":null}'
    headers:
      Cache-Control:
      - no-store
      Content-Security-Policy:
      - 'base-uri ''none''; default-src ''none''; frame-ancestors ''none''; font-src
        ''self'' http://localhost:3000; img-src ''self'' https: data: blob: http://localhost:3000;
        style-src ''self'' http://localhost:3000 ''nonce-HtOdCOLuzbiJcdQ+txg9HQ=='';
        media-src ''self'' https: data: http://localhost:3000; frame-src ''self''
        https:; manifest-src ''self'' http://localhost:3000; connect-src ''self''
        data: blob: http://localhost:3000 http://localhost:3000 ws://localhost:4000
        ws://localhost:3035 http://localhost:3035; script-src ''self'' ''unsafe-inline''
        ''unsafe-eval'' http://localhost:3000; child-src ''self'' blob: http://localhost:3000;
        worker-src ''self'' blob: http://localhost:3000'
      Content-Type:
      - application/json; charset=utf-8
      ETag:
      - W/"fdf1ceb86fbf2970d9f8b13387b9b564"
      Referrer-Policy:
      - strict-origin-when-cross-origin
      Transfer-Encoding:
      - chunked
      Vary:
      - Accept, Origin
      X-Content-Type-Options:
      - nosniff
      X-Download-Options:
      - noopen
      X-Frame-Options:
      - SAMEORIGIN
      X-Permitted-Cross-Domain-Policies:
      - none
      X-RateLimit-Limit:
      - '300'
      X-RateLimit-Remaining:
      - '293'
      X-RateLimit-Reset:
      - '2022-11-19T03:00:00.179715Z'
      X-Request-Id:
      - 5ebfa82a-cd16-464d-a034-baa82475dcd3
      X-Runtime:
      - '0.037359'
      X-XSS-Protection:
      - 1; mode=block
    status:
      code: 200
      message: OK
- request:
    body: null
    headers:
      Accept:
      - '*/*'
      Accept-Encoding:
      - gzip, deflate
      Authorization:
      - Bearer __MASTODON_PY_TEST_ACCESS_TOKEN
      Connection:
      - keep-alive
      User-Agent:
      - tests/v311
    method: GET
    uri: http://localhost:3000/api/v1/accounts/verify_credentials
  response:
    body:
      string: '{"id":"109367691239664003","username":"mastodonpy_test","acct":"mastodonpy_test","display_name":"John
        Lennon","locked":true,"bot":false,"discoverable":null,"group":false,"created_at":"2022-11-19T00:00:00.000Z","note":"\u003cp\u003eI
        walk funny\u003c/p\u003e","url":"http://localhost:3000/@mastodonpy_test","avatar":"http://localhost:3000/system/accounts/avatars/109/367/691/239/664/003/original/1063e26998b14a98.jpg","avatar_static":"http://localhost:3000/system/accounts/avatars/109/367/691/239/664/003/original/1063e26998b14a98.jpg","header":"http://localhost:3000/system/accounts/headers/109/367/691/239/664/003/original/a07903ff76e88927.jpg","header_static":"http://localhost:3000/system/accounts/headers/109/367/691/239/664/003/original/a07903ff76e88927.jpg","followers_count":0,"following_count":0,"statuses_count":1,"last_status_at":"2022-11-19","noindex":false,"source":{"privacy":"public","sensitive":false,"language":null,"note":"I
        walk funny","fields":[{"name":"bread","value":"toasty.","verified_at":null},{"name":"lasagna","value":"no!!!","verified_at":null}],"follow_requests_count":0},"emojis":[],"fields":[{"name":"bread","value":"toasty.","verified_at":null},{"name":"lasagna","value":"no!!!","verified_at":null}],"role":{"id":"-99","name":"","permissions":"65536","color":"","highlighted":false}}'
    headers:
      Cache-Control:
      - no-store
      Content-Security-Policy:
      - 'base-uri ''none''; default-src ''none''; frame-ancestors ''none''; font-src
        ''self'' http://localhost:3000; img-src ''self'' https: data: blob: http://localhost:3000;
        style-src ''self'' http://localhost:3000 ''nonce-AQY8yn0Y91rkfZNMjVLxYA=='';
        media-src ''self'' https: data: http://localhost:3000; frame-src ''self''
        https:; manifest-src ''self'' http://localhost:3000; connect-src ''self''
        data: blob: http://localhost:3000 http://localhost:3000 ws://localhost:4000
        ws://localhost:3035 http://localhost:3035; script-src ''self'' ''unsafe-inline''
        ''unsafe-eval'' http://localhost:3000; child-src ''self'' blob: http://localhost:3000;
        worker-src ''self'' blob: http://localhost:3000'
      Content-Type:
      - application/json; charset=utf-8
      ETag:
      - W/"7654f97f36b00c54d942947b4d38b315"
      Referrer-Policy:
      - strict-origin-when-cross-origin
      Transfer-Encoding:
      - chunked
      Vary:
      - Accept, Origin
      X-Content-Type-Options:
      - nosniff
      X-Download-Options:
      - noopen
      X-Frame-Options:
      - SAMEORIGIN
      X-Permitted-Cross-Domain-Policies:
      - none
      X-Request-Id:
      - 0fe6ff6d-2c33-44a1-9473-b69c60d7f9d6
      X-Runtime:
      - '0.013963'
      X-XSS-Protection:
      - 1; mode=block
    status:
      code: 200
      message: OK
- request:
    body: null
    headers:
      Accept:
      - '*/*'
      Accept-Encoding:
      - gzip, deflate
      Authorization:
      - Bearer __MASTODON_PY_TEST_ACCESS_TOKEN_2
      Connection:
      - keep-alive
      User-Agent:
      - tests/v311
    method: GET
    uri: http://localhost:3000/api/v1/accounts/verify_credentials
  response:
    body:
      string: '{"id":"109367691027217373","username":"admin","acct":"admin","display_name":"","locked":false,"bot":false,"discoverable":null,"group":false,"created_at":"2022-11-19T00:00:00.000Z","note":"","url":"http://localhost:3000/@admin","avatar":"http://localhost:3000/avatars/original/missing.png","avatar_static":"http://localhost:3000/avatars/original/missing.png","header":"http://localhost:3000/headers/original/missing.png","header_static":"http://localhost:3000/headers/original/missing.png","followers_count":0,"following_count":0,"statuses_count":0,"last_status_at":"2022-11-19","noindex":false,"source":{"privacy":"public","sensitive":false,"language":null,"note":"","fields":[],"follow_requests_count":0},"emojis":[],"fields":[],"role":{"id":"3","name":"Owner","permissions":"1048575","color":"","highlighted":true}}'
    headers:
      Cache-Control:
      - no-store
      Content-Security-Policy:
      - 'base-uri ''none''; default-src ''none''; frame-ancestors ''none''; font-src
        ''self'' http://localhost:3000; img-src ''self'' https: data: blob: http://localhost:3000;
        style-src ''self'' http://localhost:3000 ''nonce-njVLP2BYT1PLLWuMHlNI1g=='';
        media-src ''self'' https: data: http://localhost:3000; frame-src ''self''
        https:; manifest-src ''self'' http://localhost:3000; connect-src ''self''
        data: blob: http://localhost:3000 http://localhost:3000 ws://localhost:4000
        ws://localhost:3035 http://localhost:3035; script-src ''self'' ''unsafe-inline''
        ''unsafe-eval'' http://localhost:3000; child-src ''self'' blob: http://localhost:3000;
        worker-src ''self'' blob: http://localhost:3000'
      Content-Type:
      - application/json; charset=utf-8
      ETag:
      - W/"a2cf765c475b951eefe2c310e002e853"
      Referrer-Policy:
      - strict-origin-when-cross-origin
      Transfer-Encoding:
      - chunked
      Vary:
      - Accept, Origin
      X-Content-Type-Options:
      - nosniff
      X-Download-Options:
      - noopen
      X-Frame-Options:
      - SAMEORIGIN
      X-Permitted-Cross-Domain-Policies:
      - none
      X-Request-Id:
      - 440c4c97-87e6-468e-8ecd-cc6c9f06411b
      X-Runtime:
      - '0.013376'
      X-XSS-Protection:
      - 1; mode=block
    status:
      code: 200
      message: OK
- request:
    body: account_id=109367691239664003&comment=api+crimes&status_ids%5B%5D=109367693551563490
    headers:
      Accept:
      - '*/*'
      Accept-Encoding:
      - gzip, deflate
      Authorization:
      - Bearer __MASTODON_PY_TEST_ACCESS_TOKEN_2
      Connection:
      - keep-alive
      Content-Length:
      - '84'
      Content-Type:
      - application/x-www-form-urlencoded
      User-Agent:
      - tests/v311
    method: POST
    uri: http://localhost:3000/api/v1/reports/
  response:
    body:
      string: '{"id":"1","action_taken":false,"action_taken_at":null,"category":"other","comment":"api
        crimes","forwarded":false,"created_at":"2022-11-19T00:42:46.249Z","status_ids":[109367693551563490],"rule_ids":null,"target_account":{"id":"109367691239664003","username":"mastodonpy_test","acct":"mastodonpy_test","display_name":"John
        Lennon","locked":true,"bot":false,"discoverable":null,"group":false,"created_at":"2022-11-19T00:00:00.000Z","note":"\u003cp\u003eI
        walk funny\u003c/p\u003e","url":"http://localhost:3000/@mastodonpy_test","avatar":"http://localhost:3000/system/accounts/avatars/109/367/691/239/664/003/original/1063e26998b14a98.jpg","avatar_static":"http://localhost:3000/system/accounts/avatars/109/367/691/239/664/003/original/1063e26998b14a98.jpg","header":"http://localhost:3000/system/accounts/headers/109/367/691/239/664/003/original/a07903ff76e88927.jpg","header_static":"http://localhost:3000/system/accounts/headers/109/367/691/239/664/003/original/a07903ff76e88927.jpg","followers_count":0,"following_count":0,"statuses_count":1,"last_status_at":"2022-11-19","noindex":false,"emojis":[],"fields":[{"name":"bread","value":"toasty.","verified_at":null},{"name":"lasagna","value":"no!!!","verified_at":null}]}}'
    headers:
      Cache-Control:
      - no-store
      Content-Security-Policy:
      - 'base-uri ''none''; default-src ''none''; frame-ancestors ''none''; font-src
        ''self'' http://localhost:3000; img-src ''self'' https: data: blob: http://localhost:3000;
        style-src ''self'' http://localhost:3000 ''nonce-r8ntw6SNIHR+9kFQ7/75Qg=='';
        media-src ''self'' https: data: http://localhost:3000; frame-src ''self''
        https:; manifest-src ''self'' http://localhost:3000; connect-src ''self''
        data: blob: http://localhost:3000 http://localhost:3000 ws://localhost:4000
        ws://localhost:3035 http://localhost:3035; script-src ''self'' ''unsafe-inline''
        ''unsafe-eval'' http://localhost:3000; child-src ''self'' blob: http://localhost:3000;
        worker-src ''self'' blob: http://localhost:3000'
      Content-Type:
      - application/json; charset=utf-8
      ETag:
      - W/"29ea15a227becabfe36c99a52e6ed40c"
      Referrer-Policy:
      - strict-origin-when-cross-origin
      Transfer-Encoding:
      - chunked
      Vary:
      - Accept, Origin
      X-Content-Type-Options:
      - nosniff
      X-Download-Options:
      - noopen
      X-Frame-Options:
      - SAMEORIGIN
      X-Permitted-Cross-Domain-Policies:
      - none
      X-RateLimit-Limit:
      - '400'
      X-RateLimit-Remaining:
      - '400'
      X-RateLimit-Reset:
      - '2022-11-20T00:00:00.267078Z'
      X-Request-Id:
      - 02e5f884-4eed-46aa-8ee4-c692d4da1319
      X-Runtime:
      - '0.045013'
      X-XSS-Protection:
      - 1; mode=block
    status:
      code: 200
      message: OK
- request:
    body: null
    headers:
      Accept:
      - '*/*'
      Accept-Encoding:
      - gzip, deflate
      Authorization:
      - Bearer __MASTODON_PY_TEST_ACCESS_TOKEN_2
      Connection:
      - keep-alive
      User-Agent:
      - tests/v311
    method: GET
    uri: http://localhost:3000/api/v1/admin/reports
  response:
    body:
      string: '[{"id":"1","action_taken":false,"action_taken_at":null,"category":"other","comment":"api
        crimes","forwarded":false,"created_at":"2022-11-19T00:42:46.249Z","updated_at":"2022-11-19T00:42:46.249Z","account":{"id":"109367691027217373","username":"admin","domain":null,"created_at":"2022-11-19T00:42:07.622Z","email":"admin@localhost:3000","ip":null,"role":{"id":3,"name":"Owner","color":"","position":1000,"permissions":1,"highlighted":true,"created_at":"2022-11-19T00:42:07.618Z","updated_at":"2022-11-19T00:42:07.618Z"},"confirmed":true,"suspended":false,"silenced":false,"disabled":false,"approved":true,"locale":null,"invite_request":null,"ips":[],"account":{"id":"109367691027217373","username":"admin","acct":"admin","display_name":"","locked":false,"bot":false,"discoverable":null,"group":false,"created_at":"2022-11-19T00:00:00.000Z","note":"","url":"http://localhost:3000/@admin","avatar":"http://localhost:3000/avatars/original/missing.png","avatar_static":"http://localhost:3000/avatars/original/missing.png","header":"http://localhost:3000/headers/original/missing.png","header_static":"http://localhost:3000/headers/original/missing.png","followers_count":0,"following_count":0,"statuses_count":0,"last_status_at":"2022-11-19","noindex":false,"emojis":[],"fields":[]}},"target_account":{"id":"109367691239664003","username":"mastodonpy_test","domain":null,"created_at":"2022-11-19T00:42:10.900Z","email":"mastodonpy_test@localhost:3000","ip":null,"role":{"id":-99,"name":"","color":"","position":-1,"permissions":65536,"highlighted":false,"created_at":"2022-11-19T00:42:07.609Z","updated_at":"2022-11-19T00:42:07.609Z"},"confirmed":true,"suspended":false,"silenced":false,"disabled":false,"approved":true,"locale":"ja","invite_request":null,"ips":[],"account":{"id":"109367691239664003","username":"mastodonpy_test","acct":"mastodonpy_test","display_name":"John
        Lennon","locked":true,"bot":false,"discoverable":null,"group":false,"created_at":"2022-11-19T00:00:00.000Z","note":"\u003cp\u003eI
        walk funny\u003c/p\u003e","url":"http://localhost:3000/@mastodonpy_test","avatar":"http://localhost:3000/system/accounts/avatars/109/367/691/239/664/003/original/1063e26998b14a98.jpg","avatar_static":"http://localhost:3000/system/accounts/avatars/109/367/691/239/664/003/original/1063e26998b14a98.jpg","header":"http://localhost:3000/system/accounts/headers/109/367/691/239/664/003/original/a07903ff76e88927.jpg","header_static":"http://localhost:3000/system/accounts/headers/109/367/691/239/664/003/original/a07903ff76e88927.jpg","followers_count":0,"following_count":0,"statuses_count":1,"last_status_at":"2022-11-19","noindex":false,"emojis":[],"fields":[{"name":"bread","value":"toasty.","verified_at":null},{"name":"lasagna","value":"no!!!","verified_at":null}]}},"assigned_account":null,"action_taken_by_account":null,"statuses":[{"id":"109367693551563490","created_at":"2022-11-19T00:42:46.157Z","in_reply_to_id":null,"in_reply_to_account_id":null,"sensitive":false,"spoiler_text":"","visibility":"public","language":"ja","uri":"http://localhost:3000/users/mastodonpy_test/statuses/109367693551563490","url":"http://localhost:3000/@mastodonpy_test/109367693551563490","replies_count":0,"reblogs_count":0,"favourites_count":0,"edited_at":null,"favourited":false,"reblogged":false,"muted":false,"bookmarked":false,"content":"\u003cp\u003eToot!\u003c/p\u003e","filtered":[],"reblog":null,"application":{"name":"Mastodon.py
        test suite","website":null},"account":{"id":"109367691239664003","username":"mastodonpy_test","acct":"mastodonpy_test","display_name":"John
        Lennon","locked":true,"bot":false,"discoverable":null,"group":false,"created_at":"2022-11-19T00:00:00.000Z","note":"\u003cp\u003eI
        walk funny\u003c/p\u003e","url":"http://localhost:3000/@mastodonpy_test","avatar":"http://localhost:3000/system/accounts/avatars/109/367/691/239/664/003/original/1063e26998b14a98.jpg","avatar_static":"http://localhost:3000/system/accounts/avatars/109/367/691/239/664/003/original/1063e26998b14a98.jpg","header":"http://localhost:3000/system/accounts/headers/109/367/691/239/664/003/original/a07903ff76e88927.jpg","header_static":"http://localhost:3000/system/accounts/headers/109/367/691/239/664/003/original/a07903ff76e88927.jpg","followers_count":0,"following_count":0,"statuses_count":1,"last_status_at":"2022-11-19","noindex":false,"emojis":[],"fields":[{"name":"bread","value":"toasty.","verified_at":null},{"name":"lasagna","value":"no!!!","verified_at":null}]},"media_attachments":[],"mentions":[],"tags":[],"emojis":[],"card":null,"poll":null}],"rules":[]}]'
    headers:
      Cache-Control:
      - no-store
      Content-Security-Policy:
      - 'base-uri ''none''; default-src ''none''; frame-ancestors ''none''; font-src
        ''self'' http://localhost:3000; img-src ''self'' https: data: blob: http://localhost:3000;
        style-src ''self'' http://localhost:3000 ''nonce-uoRD6gn4m6nBbbfPyjRHMQ=='';
        media-src ''self'' https: data: http://localhost:3000; frame-src ''self''
        https:; manifest-src ''self'' http://localhost:3000; connect-src ''self''
        data: blob: http://localhost:3000 http://localhost:3000 ws://localhost:4000
        ws://localhost:3035 http://localhost:3035; script-src ''self'' ''unsafe-inline''
        ''unsafe-eval'' http://localhost:3000; child-src ''self'' blob: http://localhost:3000;
        worker-src ''self'' blob: http://localhost:3000'
      Content-Type:
      - application/json; charset=utf-8
      ETag:
      - W/"948a3957c7d501566f866c06a24baf60"
      Link:
      - <http://localhost:3000/api/v1/admin/reports?min_id=1>; rel="prev"
      Referrer-Policy:
      - strict-origin-when-cross-origin
      Transfer-Encoding:
      - chunked
      Vary:
      - Accept, Origin
      X-Content-Type-Options:
      - nosniff
      X-Download-Options:
      - noopen
      X-Frame-Options:
      - SAMEORIGIN
      X-Permitted-Cross-Domain-Policies:
      - none
      X-Request-Id:
      - 26dbee3d-2b00-4566-bbce-3acf84633710
      X-Runtime:
      - '0.168860'
      X-XSS-Protection:
      - 1; mode=block
    status:
      code: 200
      message: OK
- request:
    body: null
    headers:
      Accept:
      - '*/*'
      Accept-Encoding:
      - gzip, deflate
      Authorization:
      - Bearer __MASTODON_PY_TEST_ACCESS_TOKEN_2
      Connection:
      - keep-alive
      Content-Length:
      - '0'
      User-Agent:
      - tests/v311
    method: POST
    uri: http://localhost:3000/api/v1/admin/reports/1/resolve
  response:
    body:
      string: '{"id":"1","action_taken":true,"action_taken_at":"2022-11-19T00:42:46.456Z","category":"other","comment":"api
        crimes","forwarded":false,"created_at":"2022-11-19T00:42:46.249Z","updated_at":"2022-11-19T00:42:46.458Z","account":{"id":"109367691027217373","username":"admin","domain":null,"created_at":"2022-11-19T00:42:07.622Z","email":"admin@localhost:3000","ip":null,"role":{"id":3,"name":"Owner","color":"","position":1000,"permissions":1,"highlighted":true,"created_at":"2022-11-19T00:42:07.618Z","updated_at":"2022-11-19T00:42:07.618Z"},"confirmed":true,"suspended":false,"silenced":false,"disabled":false,"approved":true,"locale":null,"invite_request":null,"ips":[],"account":{"id":"109367691027217373","username":"admin","acct":"admin","display_name":"","locked":false,"bot":false,"discoverable":null,"group":false,"created_at":"2022-11-19T00:00:00.000Z","note":"","url":"http://localhost:3000/@admin","avatar":"http://localhost:3000/avatars/original/missing.png","avatar_static":"http://localhost:3000/avatars/original/missing.png","header":"http://localhost:3000/headers/original/missing.png","header_static":"http://localhost:3000/headers/original/missing.png","followers_count":0,"following_count":0,"statuses_count":0,"last_status_at":"2022-11-19","noindex":false,"emojis":[],"fields":[]}},"target_account":{"id":"109367691239664003","username":"mastodonpy_test","domain":null,"created_at":"2022-11-19T00:42:10.900Z","email":"mastodonpy_test@localhost:3000","ip":null,"role":{"id":-99,"name":"","color":"","position":-1,"permissions":65536,"highlighted":false,"created_at":"2022-11-19T00:42:07.609Z","updated_at":"2022-11-19T00:42:07.609Z"},"confirmed":true,"suspended":false,"silenced":false,"disabled":false,"approved":true,"locale":"ja","invite_request":null,"ips":[],"account":{"id":"109367691239664003","username":"mastodonpy_test","acct":"mastodonpy_test","display_name":"John
        Lennon","locked":true,"bot":false,"discoverable":null,"group":false,"created_at":"2022-11-19T00:00:00.000Z","note":"\u003cp\u003eI
        walk funny\u003c/p\u003e","url":"http://localhost:3000/@mastodonpy_test","avatar":"http://localhost:3000/system/accounts/avatars/109/367/691/239/664/003/original/1063e26998b14a98.jpg","avatar_static":"http://localhost:3000/system/accounts/avatars/109/367/691/239/664/003/original/1063e26998b14a98.jpg","header":"http://localhost:3000/system/accounts/headers/109/367/691/239/664/003/original/a07903ff76e88927.jpg","header_static":"http://localhost:3000/system/accounts/headers/109/367/691/239/664/003/original/a07903ff76e88927.jpg","followers_count":0,"following_count":0,"statuses_count":1,"last_status_at":"2022-11-19","noindex":false,"emojis":[],"fields":[{"name":"bread","value":"toasty.","verified_at":null},{"name":"lasagna","value":"no!!!","verified_at":null}]}},"assigned_account":null,"action_taken_by_account":{"id":"109367691027217373","username":"admin","domain":null,"created_at":"2022-11-19T00:42:07.622Z","email":"admin@localhost:3000","ip":null,"role":{"id":3,"name":"Owner","color":"","position":1000,"permissions":1,"highlighted":true,"created_at":"2022-11-19T00:42:07.618Z","updated_at":"2022-11-19T00:42:07.618Z"},"confirmed":true,"suspended":false,"silenced":false,"disabled":false,"approved":true,"locale":null,"invite_request":null,"ips":[],"account":{"id":"109367691027217373","username":"admin","acct":"admin","display_name":"","locked":false,"bot":false,"discoverable":null,"group":false,"created_at":"2022-11-19T00:00:00.000Z","note":"","url":"http://localhost:3000/@admin","avatar":"http://localhost:3000/avatars/original/missing.png","avatar_static":"http://localhost:3000/avatars/original/missing.png","header":"http://localhost:3000/headers/original/missing.png","header_static":"http://localhost:3000/headers/original/missing.png","followers_count":0,"following_count":0,"statuses_count":0,"last_status_at":"2022-11-19","noindex":false,"emojis":[],"fields":[]}},"statuses":[{"id":"109367693551563490","created_at":"2022-11-19T00:42:46.157Z","in_reply_to_id":null,"in_reply_to_account_id":null,"sensitive":false,"spoiler_text":"","visibility":"public","language":"ja","uri":"http://localhost:3000/users/mastodonpy_test/statuses/109367693551563490","url":"http://localhost:3000/@mastodonpy_test/109367693551563490","replies_count":0,"reblogs_count":0,"favourites_count":0,"edited_at":null,"favourited":false,"reblogged":false,"muted":false,"bookmarked":false,"content":"\u003cp\u003eToot!\u003c/p\u003e","filtered":[],"reblog":null,"application":{"name":"Mastodon.py
        test suite","website":null},"account":{"id":"109367691239664003","username":"mastodonpy_test","acct":"mastodonpy_test","display_name":"John
        Lennon","locked":true,"bot":false,"discoverable":null,"group":false,"created_at":"2022-11-19T00:00:00.000Z","note":"\u003cp\u003eI
        walk funny\u003c/p\u003e","url":"http://localhost:3000/@mastodonpy_test","avatar":"http://localhost:3000/system/accounts/avatars/109/367/691/239/664/003/original/1063e26998b14a98.jpg","avatar_static":"http://localhost:3000/system/accounts/avatars/109/367/691/239/664/003/original/1063e26998b14a98.jpg","header":"http://localhost:3000/system/accounts/headers/109/367/691/239/664/003/original/a07903ff76e88927.jpg","header_static":"http://localhost:3000/system/accounts/headers/109/367/691/239/664/003/original/a07903ff76e88927.jpg","followers_count":0,"following_count":0,"statuses_count":1,"last_status_at":"2022-11-19","noindex":false,"emojis":[],"fields":[{"name":"bread","value":"toasty.","verified_at":null},{"name":"lasagna","value":"no!!!","verified_at":null}]},"media_attachments":[],"mentions":[],"tags":[],"emojis":[],"card":null,"poll":null}],"rules":[]}'
    headers:
      Cache-Control:
      - no-store
      Content-Security-Policy:
      - 'base-uri ''none''; default-src ''none''; frame-ancestors ''none''; font-src
        ''self'' http://localhost:3000; img-src ''self'' https: data: blob: http://localhost:3000;
        style-src ''self'' http://localhost:3000 ''nonce-hLFwEVDjQLZTdSLQT8IZ9Q=='';
        media-src ''self'' https: data: http://localhost:3000; frame-src ''self''
        https:; manifest-src ''self'' http://localhost:3000; connect-src ''self''
        data: blob: http://localhost:3000 http://localhost:3000 ws://localhost:4000
        ws://localhost:3035 http://localhost:3035; script-src ''self'' ''unsafe-inline''
        ''unsafe-eval'' http://localhost:3000; child-src ''self'' blob: http://localhost:3000;
        worker-src ''self'' blob: http://localhost:3000'
      Content-Type:
      - application/json; charset=utf-8
      ETag:
      - W/"b057dfd8937d061fce6b33c410773426"
      Referrer-Policy:
      - strict-origin-when-cross-origin
      Transfer-Encoding:
      - chunked
      Vary:
      - Accept, Origin
      X-Content-Type-Options:
      - nosniff
      X-Download-Options:
      - noopen
      X-Frame-Options:
      - SAMEORIGIN
      X-Permitted-Cross-Domain-Policies:
      - none
      X-Request-Id:
      - 57ddb3f3-6877-4484-8ce4-319ac68e1d3c
      X-Runtime:
      - '0.054174'
      X-XSS-Protection:
      - 1; mode=block
    status:
      code: 200
      message: OK
- request:
    body: null
    headers:
      Accept:
      - '*/*'
      Accept-Encoding:
      - gzip, deflate
      Authorization:
      - Bearer __MASTODON_PY_TEST_ACCESS_TOKEN_2
      Connection:
      - keep-alive
      User-Agent:
      - tests/v311
    method: GET
    uri: http://localhost:3000/api/v1/admin/reports
  response:
    body:
      string: '[]'
    headers:
      Cache-Control:
      - no-store
      Content-Security-Policy:
      - 'base-uri ''none''; default-src ''none''; frame-ancestors ''none''; font-src
        ''self'' http://localhost:3000; img-src ''self'' https: data: blob: http://localhost:3000;
        style-src ''self'' http://localhost:3000 ''nonce-Ag4wWRFsV8G3T87mKDbUhA=='';
        media-src ''self'' https: data: http://localhost:3000; frame-src ''self''
        https:; manifest-src ''self'' http://localhost:3000; connect-src ''self''
        data: blob: http://localhost:3000 http://localhost:3000 ws://localhost:4000
        ws://localhost:3035 http://localhost:3035; script-src ''self'' ''unsafe-inline''
        ''unsafe-eval'' http://localhost:3000; child-src ''self'' blob: http://localhost:3000;
        worker-src ''self'' blob: http://localhost:3000'
      Content-Type:
      - application/json; charset=utf-8
      ETag:
      - W/"4f53cda18c2baa0c0354bb5f9a3ecbe5"
      Referrer-Policy:
      - strict-origin-when-cross-origin
      Transfer-Encoding:
      - chunked
      Vary:
      - Accept, Origin
      X-Content-Type-Options:
      - nosniff
      X-Download-Options:
      - noopen
      X-Frame-Options:
      - SAMEORIGIN
      X-Permitted-Cross-Domain-Policies:
      - none
      X-Request-Id:
      - e46777e9-ac3e-4062-b6ed-209cf709d238
      X-Runtime:
      - '0.009819'
      X-XSS-Protection:
      - 1; mode=block
    status:
      code: 200
      message: OK
- request:
    body: null
    headers:
      Accept:
      - '*/*'
      Accept-Encoding:
      - gzip, deflate
      Authorization:
      - Bearer __MASTODON_PY_TEST_ACCESS_TOKEN_2
      Connection:
      - keep-alive
      Content-Length:
      - '0'
      User-Agent:
      - tests/v311
    method: POST
    uri: http://localhost:3000/api/v1/admin/reports/1/reopen
  response:
    body:
      string: '{"id":"1","action_taken":false,"action_taken_at":null,"category":"other","comment":"api
        crimes","forwarded":false,"created_at":"2022-11-19T00:42:46.249Z","updated_at":"2022-11-19T00:42:46.532Z","account":{"id":"109367691027217373","username":"admin","domain":null,"created_at":"2022-11-19T00:42:07.622Z","email":"admin@localhost:3000","ip":null,"role":{"id":3,"name":"Owner","color":"","position":1000,"permissions":1,"highlighted":true,"created_at":"2022-11-19T00:42:07.618Z","updated_at":"2022-11-19T00:42:07.618Z"},"confirmed":true,"suspended":false,"silenced":false,"disabled":false,"approved":true,"locale":null,"invite_request":null,"ips":[],"account":{"id":"109367691027217373","username":"admin","acct":"admin","display_name":"","locked":false,"bot":false,"discoverable":null,"group":false,"created_at":"2022-11-19T00:00:00.000Z","note":"","url":"http://localhost:3000/@admin","avatar":"http://localhost:3000/avatars/original/missing.png","avatar_static":"http://localhost:3000/avatars/original/missing.png","header":"http://localhost:3000/headers/original/missing.png","header_static":"http://localhost:3000/headers/original/missing.png","followers_count":0,"following_count":0,"statuses_count":0,"last_status_at":"2022-11-19","noindex":false,"emojis":[],"fields":[]}},"target_account":{"id":"109367691239664003","username":"mastodonpy_test","domain":null,"created_at":"2022-11-19T00:42:10.900Z","email":"mastodonpy_test@localhost:3000","ip":null,"role":{"id":-99,"name":"","color":"","position":-1,"permissions":65536,"highlighted":false,"created_at":"2022-11-19T00:42:07.609Z","updated_at":"2022-11-19T00:42:07.609Z"},"confirmed":true,"suspended":false,"silenced":false,"disabled":false,"approved":true,"locale":"ja","invite_request":null,"ips":[],"account":{"id":"109367691239664003","username":"mastodonpy_test","acct":"mastodonpy_test","display_name":"John
        Lennon","locked":true,"bot":false,"discoverable":null,"group":false,"created_at":"2022-11-19T00:00:00.000Z","note":"\u003cp\u003eI
        walk funny\u003c/p\u003e","url":"http://localhost:3000/@mastodonpy_test","avatar":"http://localhost:3000/system/accounts/avatars/109/367/691/239/664/003/original/1063e26998b14a98.jpg","avatar_static":"http://localhost:3000/system/accounts/avatars/109/367/691/239/664/003/original/1063e26998b14a98.jpg","header":"http://localhost:3000/system/accounts/headers/109/367/691/239/664/003/original/a07903ff76e88927.jpg","header_static":"http://localhost:3000/system/accounts/headers/109/367/691/239/664/003/original/a07903ff76e88927.jpg","followers_count":0,"following_count":0,"statuses_count":1,"last_status_at":"2022-11-19","noindex":false,"emojis":[],"fields":[{"name":"bread","value":"toasty.","verified_at":null},{"name":"lasagna","value":"no!!!","verified_at":null}]}},"assigned_account":null,"action_taken_by_account":null,"statuses":[{"id":"109367693551563490","created_at":"2022-11-19T00:42:46.157Z","in_reply_to_id":null,"in_reply_to_account_id":null,"sensitive":false,"spoiler_text":"","visibility":"public","language":"ja","uri":"http://localhost:3000/users/mastodonpy_test/statuses/109367693551563490","url":"http://localhost:3000/@mastodonpy_test/109367693551563490","replies_count":0,"reblogs_count":0,"favourites_count":0,"edited_at":null,"favourited":false,"reblogged":false,"muted":false,"bookmarked":false,"content":"\u003cp\u003eToot!\u003c/p\u003e","filtered":[],"reblog":null,"application":{"name":"Mastodon.py
        test suite","website":null},"account":{"id":"109367691239664003","username":"mastodonpy_test","acct":"mastodonpy_test","display_name":"John
        Lennon","locked":true,"bot":false,"discoverable":null,"group":false,"created_at":"2022-11-19T00:00:00.000Z","note":"\u003cp\u003eI
        walk funny\u003c/p\u003e","url":"http://localhost:3000/@mastodonpy_test","avatar":"http://localhost:3000/system/accounts/avatars/109/367/691/239/664/003/original/1063e26998b14a98.jpg","avatar_static":"http://localhost:3000/system/accounts/avatars/109/367/691/239/664/003/original/1063e26998b14a98.jpg","header":"http://localhost:3000/system/accounts/headers/109/367/691/239/664/003/original/a07903ff76e88927.jpg","header_static":"http://localhost:3000/system/accounts/headers/109/367/691/239/664/003/original/a07903ff76e88927.jpg","followers_count":0,"following_count":0,"statuses_count":1,"last_status_at":"2022-11-19","noindex":false,"emojis":[],"fields":[{"name":"bread","value":"toasty.","verified_at":null},{"name":"lasagna","value":"no!!!","verified_at":null}]},"media_attachments":[],"mentions":[],"tags":[],"emojis":[],"card":null,"poll":null}],"rules":[]}'
    headers:
      Cache-Control:
      - no-store
      Content-Security-Policy:
      - 'base-uri ''none''; default-src ''none''; frame-ancestors ''none''; font-src
        ''self'' http://localhost:3000; img-src ''self'' https: data: blob: http://localhost:3000;
        style-src ''self'' http://localhost:3000 ''nonce-cokAu0GyqBT4DzmFuOMtgA=='';
        media-src ''self'' https: data: http://localhost:3000; frame-src ''self''
        https:; manifest-src ''self'' http://localhost:3000; connect-src ''self''
        data: blob: http://localhost:3000 http://localhost:3000 ws://localhost:4000
        ws://localhost:3035 http://localhost:3035; script-src ''self'' ''unsafe-inline''
        ''unsafe-eval'' http://localhost:3000; child-src ''self'' blob: http://localhost:3000;
        worker-src ''self'' blob: http://localhost:3000'
      Content-Type:
      - application/json; charset=utf-8
      ETag:
      - W/"d8fc21ee96ba356a24b8c694325f40c9"
      Referrer-Policy:
      - strict-origin-when-cross-origin
      Transfer-Encoding:
      - chunked
      Vary:
      - Accept, Origin
      X-Content-Type-Options:
      - nosniff
      X-Download-Options:
      - noopen
      X-Frame-Options:
      - SAMEORIGIN
      X-Permitted-Cross-Domain-Policies:
      - none
      X-Request-Id:
      - 483755eb-3d0c-4df0-82d5-dc51856c9079
      X-Runtime:
      - '0.045959'
      X-XSS-Protection:
      - 1; mode=block
    status:
      code: 200
      message: OK
- request:
    body: null
    headers:
      Accept:
      - '*/*'
      Accept-Encoding:
      - gzip, deflate
      Authorization:
      - Bearer __MASTODON_PY_TEST_ACCESS_TOKEN_2
      Connection:
      - keep-alive
      User-Agent:
      - tests/v311
    method: GET
    uri: http://localhost:3000/api/v1/admin/reports
  response:
    body:
      string: '[{"id":"1","action_taken":false,"action_taken_at":null,"category":"other","comment":"api
        crimes","forwarded":false,"created_at":"2022-11-19T00:42:46.249Z","updated_at":"2022-11-19T00:42:46.532Z","account":{"id":"109367691027217373","username":"admin","domain":null,"created_at":"2022-11-19T00:42:07.622Z","email":"admin@localhost:3000","ip":null,"role":{"id":3,"name":"Owner","color":"","position":1000,"permissions":1,"highlighted":true,"created_at":"2022-11-19T00:42:07.618Z","updated_at":"2022-11-19T00:42:07.618Z"},"confirmed":true,"suspended":false,"silenced":false,"disabled":false,"approved":true,"locale":null,"invite_request":null,"ips":[],"account":{"id":"109367691027217373","username":"admin","acct":"admin","display_name":"","locked":false,"bot":false,"discoverable":null,"group":false,"created_at":"2022-11-19T00:00:00.000Z","note":"","url":"http://localhost:3000/@admin","avatar":"http://localhost:3000/avatars/original/missing.png","avatar_static":"http://localhost:3000/avatars/original/missing.png","header":"http://localhost:3000/headers/original/missing.png","header_static":"http://localhost:3000/headers/original/missing.png","followers_count":0,"following_count":0,"statuses_count":0,"last_status_at":"2022-11-19","noindex":false,"emojis":[],"fields":[]}},"target_account":{"id":"109367691239664003","username":"mastodonpy_test","domain":null,"created_at":"2022-11-19T00:42:10.900Z","email":"mastodonpy_test@localhost:3000","ip":null,"role":{"id":-99,"name":"","color":"","position":-1,"permissions":65536,"highlighted":false,"created_at":"2022-11-19T00:42:07.609Z","updated_at":"2022-11-19T00:42:07.609Z"},"confirmed":true,"suspended":false,"silenced":false,"disabled":false,"approved":true,"locale":"ja","invite_request":null,"ips":[],"account":{"id":"109367691239664003","username":"mastodonpy_test","acct":"mastodonpy_test","display_name":"John
        Lennon","locked":true,"bot":false,"discoverable":null,"group":false,"created_at":"2022-11-19T00:00:00.000Z","note":"\u003cp\u003eI
        walk funny\u003c/p\u003e","url":"http://localhost:3000/@mastodonpy_test","avatar":"http://localhost:3000/system/accounts/avatars/109/367/691/239/664/003/original/1063e26998b14a98.jpg","avatar_static":"http://localhost:3000/system/accounts/avatars/109/367/691/239/664/003/original/1063e26998b14a98.jpg","header":"http://localhost:3000/system/accounts/headers/109/367/691/239/664/003/original/a07903ff76e88927.jpg","header_static":"http://localhost:3000/system/accounts/headers/109/367/691/239/664/003/original/a07903ff76e88927.jpg","followers_count":0,"following_count":0,"statuses_count":1,"last_status_at":"2022-11-19","noindex":false,"emojis":[],"fields":[{"name":"bread","value":"toasty.","verified_at":null},{"name":"lasagna","value":"no!!!","verified_at":null}]}},"assigned_account":null,"action_taken_by_account":null,"statuses":[{"id":"109367693551563490","created_at":"2022-11-19T00:42:46.157Z","in_reply_to_id":null,"in_reply_to_account_id":null,"sensitive":false,"spoiler_text":"","visibility":"public","language":"ja","uri":"http://localhost:3000/users/mastodonpy_test/statuses/109367693551563490","url":"http://localhost:3000/@mastodonpy_test/109367693551563490","replies_count":0,"reblogs_count":0,"favourites_count":0,"edited_at":null,"favourited":false,"reblogged":false,"muted":false,"bookmarked":false,"content":"\u003cp\u003eToot!\u003c/p\u003e","filtered":[],"reblog":null,"application":{"name":"Mastodon.py
        test suite","website":null},"account":{"id":"109367691239664003","username":"mastodonpy_test","acct":"mastodonpy_test","display_name":"John
        Lennon","locked":true,"bot":false,"discoverable":null,"group":false,"created_at":"2022-11-19T00:00:00.000Z","note":"\u003cp\u003eI
        walk funny\u003c/p\u003e","url":"http://localhost:3000/@mastodonpy_test","avatar":"http://localhost:3000/system/accounts/avatars/109/367/691/239/664/003/original/1063e26998b14a98.jpg","avatar_static":"http://localhost:3000/system/accounts/avatars/109/367/691/239/664/003/original/1063e26998b14a98.jpg","header":"http://localhost:3000/system/accounts/headers/109/367/691/239/664/003/original/a07903ff76e88927.jpg","header_static":"http://localhost:3000/system/accounts/headers/109/367/691/239/664/003/original/a07903ff76e88927.jpg","followers_count":0,"following_count":0,"statuses_count":1,"last_status_at":"2022-11-19","noindex":false,"emojis":[],"fields":[{"name":"bread","value":"toasty.","verified_at":null},{"name":"lasagna","value":"no!!!","verified_at":null}]},"media_attachments":[],"mentions":[],"tags":[],"emojis":[],"card":null,"poll":null}],"rules":[]}]'
    headers:
      Cache-Control:
      - no-store
      Content-Security-Policy:
      - 'base-uri ''none''; default-src ''none''; frame-ancestors ''none''; font-src
        ''self'' http://localhost:3000; img-src ''self'' https: data: blob: http://localhost:3000;
        style-src ''self'' http://localhost:3000 ''nonce-2WIzNPWiYO+CkeS943vekw=='';
        media-src ''self'' https: data: http://localhost:3000; frame-src ''self''
        https:; manifest-src ''self'' http://localhost:3000; connect-src ''self''
        data: blob: http://localhost:3000 http://localhost:3000 ws://localhost:4000
        ws://localhost:3035 http://localhost:3035; script-src ''self'' ''unsafe-inline''
        ''unsafe-eval'' http://localhost:3000; child-src ''self'' blob: http://localhost:3000;
        worker-src ''self'' blob: http://localhost:3000'
      Content-Type:
      - application/json; charset=utf-8
      ETag:
      - W/"29077f040ec4de7be6ac792e3a730c52"
      Link:
      - <http://localhost:3000/api/v1/admin/reports?min_id=1>; rel="prev"
      Referrer-Policy:
      - strict-origin-when-cross-origin
      Transfer-Encoding:
      - chunked
      Vary:
      - Accept, Origin
      X-Content-Type-Options:
      - nosniff
      X-Download-Options:
      - noopen
      X-Frame-Options:
      - SAMEORIGIN
      X-Permitted-Cross-Domain-Policies:
      - none
      X-Request-Id:
      - c4afde9c-a10e-409a-a1d5-f7016079df8b
      X-Runtime:
      - '0.046969'
      X-XSS-Protection:
      - 1; mode=block
    status:
      code: 200
      message: OK
- request:
    body: null
    headers:
      Accept:
      - '*/*'
      Accept-Encoding:
      - gzip, deflate
      Authorization:
      - Bearer __MASTODON_PY_TEST_ACCESS_TOKEN_2
      Connection:
      - keep-alive
      Content-Length:
      - '0'
      User-Agent:
      - tests/v311
    method: POST
    uri: http://localhost:3000/api/v1/admin/reports/1/assign_to_self
  response:
    body:
      string: '{"id":"1","action_taken":false,"action_taken_at":null,"category":"other","comment":"api
        crimes","forwarded":false,"created_at":"2022-11-19T00:42:46.249Z","updated_at":"2022-11-19T00:42:46.638Z","account":{"id":"109367691027217373","username":"admin","domain":null,"created_at":"2022-11-19T00:42:07.622Z","email":"admin@localhost:3000","ip":null,"role":{"id":3,"name":"Owner","color":"","position":1000,"permissions":1,"highlighted":true,"created_at":"2022-11-19T00:42:07.618Z","updated_at":"2022-11-19T00:42:07.618Z"},"confirmed":true,"suspended":false,"silenced":false,"disabled":false,"approved":true,"locale":null,"invite_request":null,"ips":[],"account":{"id":"109367691027217373","username":"admin","acct":"admin","display_name":"","locked":false,"bot":false,"discoverable":null,"group":false,"created_at":"2022-11-19T00:00:00.000Z","note":"","url":"http://localhost:3000/@admin","avatar":"http://localhost:3000/avatars/original/missing.png","avatar_static":"http://localhost:3000/avatars/original/missing.png","header":"http://localhost:3000/headers/original/missing.png","header_static":"http://localhost:3000/headers/original/missing.png","followers_count":0,"following_count":0,"statuses_count":0,"last_status_at":"2022-11-19","noindex":false,"emojis":[],"fields":[]}},"target_account":{"id":"109367691239664003","username":"mastodonpy_test","domain":null,"created_at":"2022-11-19T00:42:10.900Z","email":"mastodonpy_test@localhost:3000","ip":null,"role":{"id":-99,"name":"","color":"","position":-1,"permissions":65536,"highlighted":false,"created_at":"2022-11-19T00:42:07.609Z","updated_at":"2022-11-19T00:42:07.609Z"},"confirmed":true,"suspended":false,"silenced":false,"disabled":false,"approved":true,"locale":"ja","invite_request":null,"ips":[],"account":{"id":"109367691239664003","username":"mastodonpy_test","acct":"mastodonpy_test","display_name":"John
        Lennon","locked":true,"bot":false,"discoverable":null,"group":false,"created_at":"2022-11-19T00:00:00.000Z","note":"\u003cp\u003eI
        walk funny\u003c/p\u003e","url":"http://localhost:3000/@mastodonpy_test","avatar":"http://localhost:3000/system/accounts/avatars/109/367/691/239/664/003/original/1063e26998b14a98.jpg","avatar_static":"http://localhost:3000/system/accounts/avatars/109/367/691/239/664/003/original/1063e26998b14a98.jpg","header":"http://localhost:3000/system/accounts/headers/109/367/691/239/664/003/original/a07903ff76e88927.jpg","header_static":"http://localhost:3000/system/accounts/headers/109/367/691/239/664/003/original/a07903ff76e88927.jpg","followers_count":0,"following_count":0,"statuses_count":1,"last_status_at":"2022-11-19","noindex":false,"emojis":[],"fields":[{"name":"bread","value":"toasty.","verified_at":null},{"name":"lasagna","value":"no!!!","verified_at":null}]}},"assigned_account":{"id":"109367691027217373","username":"admin","domain":null,"created_at":"2022-11-19T00:42:07.622Z","email":"admin@localhost:3000","ip":null,"role":{"id":3,"name":"Owner","color":"","position":1000,"permissions":1,"highlighted":true,"created_at":"2022-11-19T00:42:07.618Z","updated_at":"2022-11-19T00:42:07.618Z"},"confirmed":true,"suspended":false,"silenced":false,"disabled":false,"approved":true,"locale":null,"invite_request":null,"ips":[],"account":{"id":"109367691027217373","username":"admin","acct":"admin","display_name":"","locked":false,"bot":false,"discoverable":null,"group":false,"created_at":"2022-11-19T00:00:00.000Z","note":"","url":"http://localhost:3000/@admin","avatar":"http://localhost:3000/avatars/original/missing.png","avatar_static":"http://localhost:3000/avatars/original/missing.png","header":"http://localhost:3000/headers/original/missing.png","header_static":"http://localhost:3000/headers/original/missing.png","followers_count":0,"following_count":0,"statuses_count":0,"last_status_at":"2022-11-19","noindex":false,"emojis":[],"fields":[]}},"action_taken_by_account":null,"statuses":[{"id":"109367693551563490","created_at":"2022-11-19T00:42:46.157Z","in_reply_to_id":null,"in_reply_to_account_id":null,"sensitive":false,"spoiler_text":"","visibility":"public","language":"ja","uri":"http://localhost:3000/users/mastodonpy_test/statuses/109367693551563490","url":"http://localhost:3000/@mastodonpy_test/109367693551563490","replies_count":0,"reblogs_count":0,"favourites_count":0,"edited_at":null,"favourited":false,"reblogged":false,"muted":false,"bookmarked":false,"content":"\u003cp\u003eToot!\u003c/p\u003e","filtered":[],"reblog":null,"application":{"name":"Mastodon.py
        test suite","website":null},"account":{"id":"109367691239664003","username":"mastodonpy_test","acct":"mastodonpy_test","display_name":"John
        Lennon","locked":true,"bot":false,"discoverable":null,"group":false,"created_at":"2022-11-19T00:00:00.000Z","note":"\u003cp\u003eI
        walk funny\u003c/p\u003e","url":"http://localhost:3000/@mastodonpy_test","avatar":"http://localhost:3000/system/accounts/avatars/109/367/691/239/664/003/original/1063e26998b14a98.jpg","avatar_static":"http://localhost:3000/system/accounts/avatars/109/367/691/239/664/003/original/1063e26998b14a98.jpg","header":"http://localhost:3000/system/accounts/headers/109/367/691/239/664/003/original/a07903ff76e88927.jpg","header_static":"http://localhost:3000/system/accounts/headers/109/367/691/239/664/003/original/a07903ff76e88927.jpg","followers_count":0,"following_count":0,"statuses_count":1,"last_status_at":"2022-11-19","noindex":false,"emojis":[],"fields":[{"name":"bread","value":"toasty.","verified_at":null},{"name":"lasagna","value":"no!!!","verified_at":null}]},"media_attachments":[],"mentions":[],"tags":[],"emojis":[],"card":null,"poll":null}],"rules":[]}'
    headers:
      Cache-Control:
      - no-store
      Content-Security-Policy:
      - 'base-uri ''none''; default-src ''none''; frame-ancestors ''none''; font-src
        ''self'' http://localhost:3000; img-src ''self'' https: data: blob: http://localhost:3000;
        style-src ''self'' http://localhost:3000 ''nonce-mM8Lo1OfTdgfUxQM2QFTFA=='';
        media-src ''self'' https: data: http://localhost:3000; frame-src ''self''
        https:; manifest-src ''self'' http://localhost:3000; connect-src ''self''
        data: blob: http://localhost:3000 http://localhost:3000 ws://localhost:4000
        ws://localhost:3035 http://localhost:3035; script-src ''self'' ''unsafe-inline''
        ''unsafe-eval'' http://localhost:3000; child-src ''self'' blob: http://localhost:3000;
        worker-src ''self'' blob: http://localhost:3000'
      Content-Type:
      - application/json; charset=utf-8
      ETag:
      - W/"be7124a4dc1c6b8438a0232e39aaed81"
      Referrer-Policy:
      - strict-origin-when-cross-origin
      Transfer-Encoding:
      - chunked
      Vary:
      - Accept, Origin
      X-Content-Type-Options:
      - nosniff
      X-Download-Options:
      - noopen
      X-Frame-Options:
      - SAMEORIGIN
      X-Permitted-Cross-Domain-Policies:
      - none
      X-Request-Id:
      - cb8d86aa-48fa-44b7-9305-7bc7072c6523
      X-Runtime:
      - '0.056085'
      X-XSS-Protection:
      - 1; mode=block
    status:
      code: 200
      message: OK
- request:
    body: null
    headers:
      Accept:
      - '*/*'
      Accept-Encoding:
      - gzip, deflate
      Authorization:
      - Bearer __MASTODON_PY_TEST_ACCESS_TOKEN_2
      Connection:
      - keep-alive
      Content-Length:
      - '0'
      User-Agent:
      - tests/v311
    method: POST
    uri: http://localhost:3000/api/v1/admin/reports/1/unassign
  response:
    body:
      string: '{"id":"1","action_taken":false,"action_taken_at":null,"category":"other","comment":"api
        crimes","forwarded":false,"created_at":"2022-11-19T00:42:46.249Z","updated_at":"2022-11-19T00:42:46.699Z","account":{"id":"109367691027217373","username":"admin","domain":null,"created_at":"2022-11-19T00:42:07.622Z","email":"admin@localhost:3000","ip":null,"role":{"id":3,"name":"Owner","color":"","position":1000,"permissions":1,"highlighted":true,"created_at":"2022-11-19T00:42:07.618Z","updated_at":"2022-11-19T00:42:07.618Z"},"confirmed":true,"suspended":false,"silenced":false,"disabled":false,"approved":true,"locale":null,"invite_request":null,"ips":[],"account":{"id":"109367691027217373","username":"admin","acct":"admin","display_name":"","locked":false,"bot":false,"discoverable":null,"group":false,"created_at":"2022-11-19T00:00:00.000Z","note":"","url":"http://localhost:3000/@admin","avatar":"http://localhost:3000/avatars/original/missing.png","avatar_static":"http://localhost:3000/avatars/original/missing.png","header":"http://localhost:3000/headers/original/missing.png","header_static":"http://localhost:3000/headers/original/missing.png","followers_count":0,"following_count":0,"statuses_count":0,"last_status_at":"2022-11-19","noindex":false,"emojis":[],"fields":[]}},"target_account":{"id":"109367691239664003","username":"mastodonpy_test","domain":null,"created_at":"2022-11-19T00:42:10.900Z","email":"mastodonpy_test@localhost:3000","ip":null,"role":{"id":-99,"name":"","color":"","position":-1,"permissions":65536,"highlighted":false,"created_at":"2022-11-19T00:42:07.609Z","updated_at":"2022-11-19T00:42:07.609Z"},"confirmed":true,"suspended":false,"silenced":false,"disabled":false,"approved":true,"locale":"ja","invite_request":null,"ips":[],"account":{"id":"109367691239664003","username":"mastodonpy_test","acct":"mastodonpy_test","display_name":"John
        Lennon","locked":true,"bot":false,"discoverable":null,"group":false,"created_at":"2022-11-19T00:00:00.000Z","note":"\u003cp\u003eI
        walk funny\u003c/p\u003e","url":"http://localhost:3000/@mastodonpy_test","avatar":"http://localhost:3000/system/accounts/avatars/109/367/691/239/664/003/original/1063e26998b14a98.jpg","avatar_static":"http://localhost:3000/system/accounts/avatars/109/367/691/239/664/003/original/1063e26998b14a98.jpg","header":"http://localhost:3000/system/accounts/headers/109/367/691/239/664/003/original/a07903ff76e88927.jpg","header_static":"http://localhost:3000/system/accounts/headers/109/367/691/239/664/003/original/a07903ff76e88927.jpg","followers_count":0,"following_count":0,"statuses_count":1,"last_status_at":"2022-11-19","noindex":false,"emojis":[],"fields":[{"name":"bread","value":"toasty.","verified_at":null},{"name":"lasagna","value":"no!!!","verified_at":null}]}},"assigned_account":null,"action_taken_by_account":null,"statuses":[{"id":"109367693551563490","created_at":"2022-11-19T00:42:46.157Z","in_reply_to_id":null,"in_reply_to_account_id":null,"sensitive":false,"spoiler_text":"","visibility":"public","language":"ja","uri":"http://localhost:3000/users/mastodonpy_test/statuses/109367693551563490","url":"http://localhost:3000/@mastodonpy_test/109367693551563490","replies_count":0,"reblogs_count":0,"favourites_count":0,"edited_at":null,"favourited":false,"reblogged":false,"muted":false,"bookmarked":false,"content":"\u003cp\u003eToot!\u003c/p\u003e","filtered":[],"reblog":null,"application":{"name":"Mastodon.py
        test suite","website":null},"account":{"id":"109367691239664003","username":"mastodonpy_test","acct":"mastodonpy_test","display_name":"John
        Lennon","locked":true,"bot":false,"discoverable":null,"group":false,"created_at":"2022-11-19T00:00:00.000Z","note":"\u003cp\u003eI
        walk funny\u003c/p\u003e","url":"http://localhost:3000/@mastodonpy_test","avatar":"http://localhost:3000/system/accounts/avatars/109/367/691/239/664/003/original/1063e26998b14a98.jpg","avatar_static":"http://localhost:3000/system/accounts/avatars/109/367/691/239/664/003/original/1063e26998b14a98.jpg","header":"http://localhost:3000/system/accounts/headers/109/367/691/239/664/003/original/a07903ff76e88927.jpg","header_static":"http://localhost:3000/system/accounts/headers/109/367/691/239/664/003/original/a07903ff76e88927.jpg","followers_count":0,"following_count":0,"statuses_count":1,"last_status_at":"2022-11-19","noindex":false,"emojis":[],"fields":[{"name":"bread","value":"toasty.","verified_at":null},{"name":"lasagna","value":"no!!!","verified_at":null}]},"media_attachments":[],"mentions":[],"tags":[],"emojis":[],"card":null,"poll":null}],"rules":[]}'
    headers:
      Cache-Control:
      - no-store
      Content-Security-Policy:
      - 'base-uri ''none''; default-src ''none''; frame-ancestors ''none''; font-src
        ''self'' http://localhost:3000; img-src ''self'' https: data: blob: http://localhost:3000;
        style-src ''self'' http://localhost:3000 ''nonce-IqaCLfV7vYUzpPP80ih2kw=='';
        media-src ''self'' https: data: http://localhost:3000; frame-src ''self''
        https:; manifest-src ''self'' http://localhost:3000; connect-src ''self''
        data: blob: http://localhost:3000 http://localhost:3000 ws://localhost:4000
        ws://localhost:3035 http://localhost:3035; script-src ''self'' ''unsafe-inline''
        ''unsafe-eval'' http://localhost:3000; child-src ''self'' blob: http://localhost:3000;
        worker-src ''self'' blob: http://localhost:3000'
      Content-Type:
      - application/json; charset=utf-8
      ETag:
      - W/"27992ecc5881b648e3782a58778e3ca0"
      Referrer-Policy:
      - strict-origin-when-cross-origin
      Transfer-Encoding:
      - chunked
      Vary:
      - Accept, Origin
      X-Content-Type-Options:
      - nosniff
      X-Download-Options:
      - noopen
      X-Frame-Options:
      - SAMEORIGIN
      X-Permitted-Cross-Domain-Policies:
      - none
      X-Request-Id:
      - bd8fa0fc-784d-45e6-90f8-aea63ca8ef4f
      X-Runtime:
      - '0.051828'
      X-XSS-Protection:
      - 1; mode=block
    status:
      code: 200
      message: OK
- request:
    body: null
    headers:
      Accept:
      - '*/*'
      Accept-Encoding:
      - gzip, deflate
      Authorization:
      - Bearer __MASTODON_PY_TEST_ACCESS_TOKEN_2
      Connection:
      - keep-alive
      User-Agent:
      - tests/v311
    method: GET
    uri: http://localhost:3000/api/v1/admin/reports/1
  response:
    body:
      string: '{"id":"1","action_taken":false,"action_taken_at":null,"category":"other","comment":"api
        crimes","forwarded":false,"created_at":"2022-11-19T00:42:46.249Z","updated_at":"2022-11-19T00:42:46.699Z","account":{"id":"109367691027217373","username":"admin","domain":null,"created_at":"2022-11-19T00:42:07.622Z","email":"admin@localhost:3000","ip":null,"role":{"id":3,"name":"Owner","color":"","position":1000,"permissions":1,"highlighted":true,"created_at":"2022-11-19T00:42:07.618Z","updated_at":"2022-11-19T00:42:07.618Z"},"confirmed":true,"suspended":false,"silenced":false,"disabled":false,"approved":true,"locale":null,"invite_request":null,"ips":[],"account":{"id":"109367691027217373","username":"admin","acct":"admin","display_name":"","locked":false,"bot":false,"discoverable":null,"group":false,"created_at":"2022-11-19T00:00:00.000Z","note":"","url":"http://localhost:3000/@admin","avatar":"http://localhost:3000/avatars/original/missing.png","avatar_static":"http://localhost:3000/avatars/original/missing.png","header":"http://localhost:3000/headers/original/missing.png","header_static":"http://localhost:3000/headers/original/missing.png","followers_count":0,"following_count":0,"statuses_count":0,"last_status_at":"2022-11-19","noindex":false,"emojis":[],"fields":[]}},"target_account":{"id":"109367691239664003","username":"mastodonpy_test","domain":null,"created_at":"2022-11-19T00:42:10.900Z","email":"mastodonpy_test@localhost:3000","ip":null,"role":{"id":-99,"name":"","color":"","position":-1,"permissions":65536,"highlighted":false,"created_at":"2022-11-19T00:42:07.609Z","updated_at":"2022-11-19T00:42:07.609Z"},"confirmed":true,"suspended":false,"silenced":false,"disabled":false,"approved":true,"locale":"ja","invite_request":null,"ips":[],"account":{"id":"109367691239664003","username":"mastodonpy_test","acct":"mastodonpy_test","display_name":"John
        Lennon","locked":true,"bot":false,"discoverable":null,"group":false,"created_at":"2022-11-19T00:00:00.000Z","note":"\u003cp\u003eI
        walk funny\u003c/p\u003e","url":"http://localhost:3000/@mastodonpy_test","avatar":"http://localhost:3000/system/accounts/avatars/109/367/691/239/664/003/original/1063e26998b14a98.jpg","avatar_static":"http://localhost:3000/system/accounts/avatars/109/367/691/239/664/003/original/1063e26998b14a98.jpg","header":"http://localhost:3000/system/accounts/headers/109/367/691/239/664/003/original/a07903ff76e88927.jpg","header_static":"http://localhost:3000/system/accounts/headers/109/367/691/239/664/003/original/a07903ff76e88927.jpg","followers_count":0,"following_count":0,"statuses_count":1,"last_status_at":"2022-11-19","noindex":false,"emojis":[],"fields":[{"name":"bread","value":"toasty.","verified_at":null},{"name":"lasagna","value":"no!!!","verified_at":null}]}},"assigned_account":null,"action_taken_by_account":null,"statuses":[{"id":"109367693551563490","created_at":"2022-11-19T00:42:46.157Z","in_reply_to_id":null,"in_reply_to_account_id":null,"sensitive":false,"spoiler_text":"","visibility":"public","language":"ja","uri":"http://localhost:3000/users/mastodonpy_test/statuses/109367693551563490","url":"http://localhost:3000/@mastodonpy_test/109367693551563490","replies_count":0,"reblogs_count":0,"favourites_count":0,"edited_at":null,"favourited":false,"reblogged":false,"muted":false,"bookmarked":false,"content":"\u003cp\u003eToot!\u003c/p\u003e","filtered":[],"reblog":null,"application":{"name":"Mastodon.py
        test suite","website":null},"account":{"id":"109367691239664003","username":"mastodonpy_test","acct":"mastodonpy_test","display_name":"John
        Lennon","locked":true,"bot":false,"discoverable":null,"group":false,"created_at":"2022-11-19T00:00:00.000Z","note":"\u003cp\u003eI
        walk funny\u003c/p\u003e","url":"http://localhost:3000/@mastodonpy_test","avatar":"http://localhost:3000/system/accounts/avatars/109/367/691/239/664/003/original/1063e26998b14a98.jpg","avatar_static":"http://localhost:3000/system/accounts/avatars/109/367/691/239/664/003/original/1063e26998b14a98.jpg","header":"http://localhost:3000/system/accounts/headers/109/367/691/239/664/003/original/a07903ff76e88927.jpg","header_static":"http://localhost:3000/system/accounts/headers/109/367/691/239/664/003/original/a07903ff76e88927.jpg","followers_count":0,"following_count":0,"statuses_count":1,"last_status_at":"2022-11-19","noindex":false,"emojis":[],"fields":[{"name":"bread","value":"toasty.","verified_at":null},{"name":"lasagna","value":"no!!!","verified_at":null}]},"media_attachments":[],"mentions":[],"tags":[],"emojis":[],"card":null,"poll":null}],"rules":[]}'
    headers:
      Cache-Control:
      - no-store
      Content-Security-Policy:
      - 'base-uri ''none''; default-src ''none''; frame-ancestors ''none''; font-src
        ''self'' http://localhost:3000; img-src ''self'' https: data: blob: http://localhost:3000;
        style-src ''self'' http://localhost:3000 ''nonce-+5Xzs+8q3v/wLI91eGYGxg=='';
        media-src ''self'' https: data: http://localhost:3000; frame-src ''self''
        https:; manifest-src ''self'' http://localhost:3000; connect-src ''self''
        data: blob: http://localhost:3000 http://localhost:3000 ws://localhost:4000
        ws://localhost:3035 http://localhost:3035; script-src ''self'' ''unsafe-inline''
        ''unsafe-eval'' http://localhost:3000; child-src ''self'' blob: http://localhost:3000;
        worker-src ''self'' blob: http://localhost:3000'
      Content-Type:
      - application/json; charset=utf-8
      ETag:
      - W/"27992ecc5881b648e3782a58778e3ca0"
      Referrer-Policy:
      - strict-origin-when-cross-origin
      Transfer-Encoding:
      - chunked
      Vary:
      - Accept, Origin
      X-Content-Type-Options:
      - nosniff
      X-Download-Options:
      - noopen
      X-Frame-Options:
      - SAMEORIGIN
      X-Permitted-Cross-Domain-Policies:
      - none
      X-Request-Id:
      - 3c023883-e319-421a-af98-49fa0f53551c
      X-Runtime:
      - '0.040036'
      X-XSS-Protection:
      - 1; mode=block
    status:
      code: 200
      message: OK
- request:
    body: null
    headers:
      Accept:
      - '*/*'
      Accept-Encoding:
      - gzip, deflate
      Authorization:
      - Bearer __MASTODON_PY_TEST_ACCESS_TOKEN
      Connection:
      - keep-alive
      Content-Length:
      - '0'
      User-Agent:
      - tests/v311
    method: DELETE
    uri: http://localhost:3000/api/v1/statuses/109367693551563490
  response:
    body:
      string: '{"id":"109367693551563490","created_at":"2022-11-19T00:42:46.157Z","in_reply_to_id":null,"in_reply_to_account_id":null,"sensitive":false,"spoiler_text":"","visibility":"public","language":"ja","uri":"http://localhost:3000/users/mastodonpy_test/statuses/109367693551563490","url":"http://localhost:3000/@mastodonpy_test/109367693551563490","replies_count":0,"reblogs_count":0,"favourites_count":0,"edited_at":null,"favourited":false,"reblogged":false,"muted":false,"bookmarked":false,"pinned":false,"text":"Toot!","filtered":[],"reblog":null,"application":{"name":"Mastodon.py
        test suite","website":null},"account":{"id":"109367691239664003","username":"mastodonpy_test","acct":"mastodonpy_test","display_name":"John
        Lennon","locked":true,"bot":false,"discoverable":null,"group":false,"created_at":"2022-11-19T00:00:00.000Z","note":"\u003cp\u003eI
        walk funny\u003c/p\u003e","url":"http://localhost:3000/@mastodonpy_test","avatar":"http://localhost:3000/system/accounts/avatars/109/367/691/239/664/003/original/1063e26998b14a98.jpg","avatar_static":"http://localhost:3000/system/accounts/avatars/109/367/691/239/664/003/original/1063e26998b14a98.jpg","header":"http://localhost:3000/system/accounts/headers/109/367/691/239/664/003/original/a07903ff76e88927.jpg","header_static":"http://localhost:3000/system/accounts/headers/109/367/691/239/664/003/original/a07903ff76e88927.jpg","followers_count":0,"following_count":0,"statuses_count":0,"last_status_at":"2022-11-19","noindex":false,"emojis":[],"fields":[{"name":"bread","value":"toasty.","verified_at":null},{"name":"lasagna","value":"no!!!","verified_at":null}]},"media_attachments":[],"mentions":[],"tags":[],"emojis":[],"card":null,"poll":null}'
    headers:
      Cache-Control:
      - no-store
      Content-Security-Policy:
      - 'base-uri ''none''; default-src ''none''; frame-ancestors ''none''; font-src
        ''self'' http://localhost:3000; img-src ''self'' https: data: blob: http://localhost:3000;
        style-src ''self'' http://localhost:3000 ''nonce-PNCrh39E87eWCer6BBre5g=='';
        media-src ''self'' https: data: http://localhost:3000; frame-src ''self''
        https:; manifest-src ''self'' http://localhost:3000; connect-src ''self''
        data: blob: http://localhost:3000 http://localhost:3000 ws://localhost:4000
        ws://localhost:3035 http://localhost:3035; script-src ''self'' ''unsafe-inline''
        ''unsafe-eval'' http://localhost:3000; child-src ''self'' blob: http://localhost:3000;
        worker-src ''self'' blob: http://localhost:3000'
      Content-Type:
      - application/json; charset=utf-8
      ETag:
      - W/"baaca9b3b81ca097a0adf23c3d366ddc"
      Referrer-Policy:
      - strict-origin-when-cross-origin
      Transfer-Encoding:
      - chunked
      Vary:
      - Accept, Origin
      X-Content-Type-Options:
      - nosniff
      X-Download-Options:
      - noopen
      X-Frame-Options:
      - SAMEORIGIN
      X-Permitted-Cross-Domain-Policies:
      - none
      X-Request-Id:
      - 502e88cb-ef15-421a-b8de-3d13184dee4f
      X-Runtime:
      - '0.029898'
      X-XSS-Protection:
      - 1; mode=block
    status:
      code: 200
      message: OK
version: 1
