interactions:
- request:
    body: client_name=mastodon.py+generated+test+app&scopes=read+write+follow+push&redirect_uris=urn%3Aietf%3Awg%3Aoauth%3A2.0%3Aoob
    headers:
      Accept:
      - '*/*'
      Accept-Encoding:
      - gzip, deflate
      Connection:
      - keep-alive
      Content-Length:
      - '122'
      Content-Type:
      - application/x-www-form-urlencoded
      User-Agent:
      - python-requests/2.28.1
    method: POST
    uri: http://localhost:3000/api/v1/apps
  response:
    body:
      string: '{"id":"2","name":"mastodon.py generated test app","website":null,"redirect_uri":"urn:ietf:wg:oauth:2.0:oob","client_id":"9DDlTyFQTaOhwwsE-2PEsjDtM8jWc2D13Ime8CdmPwo","client_secret":"Am5e7oZcz_9BEasr9m89csTdufGY2k2BeuZ58JHugag","vapid_key":"BAXUE0TaUgsrhjLqzO_370WUzChXfo5ss7qFTZeLYPeo_wUOf25JdejEjdssCvwKgGIHcrwvQ26Bjz7DdYWqKHY="}'
    headers:
      Cache-Control:
      - no-store
      Content-Security-Policy:
      - 'base-uri ''none''; default-src ''none''; frame-ancestors ''none''; font-src
        ''self'' http://localhost:3000; img-src ''self'' https: data: blob: http://localhost:3000;
        style-src ''self'' http://localhost:3000 ''nonce-WiqIgj2tdNyyi7P5wxmgpw=='';
        media-src ''self'' https: data: http://localhost:3000; frame-src ''self''
        https:; manifest-src ''self'' http://localhost:3000; connect-src ''self''
        data: blob: http://localhost:3000 http://localhost:3000 ws://localhost:4000
        ws://localhost:3035 http://localhost:3035; script-src ''self'' ''unsafe-inline''
        ''unsafe-eval'' http://localhost:3000; child-src ''self'' blob: http://localhost:3000;
        worker-src ''self'' blob: http://localhost:3000'
      Content-Type:
      - application/json; charset=utf-8
      ETag:
      - W/"af23a38fdb3d2b4ea52e80600fe4f346"
      Referrer-Policy:
      - strict-origin-when-cross-origin
      Transfer-Encoding:
      - chunked
      Vary:
      - Accept, Origin
      X-Content-Type-Options:
      - nosniff
      X-Download-Options:
      - noopen
      X-Frame-Options:
      - SAMEORIGIN
      X-Permitted-Cross-Domain-Policies:
      - none
      X-Request-Id:
      - 24b872d2-6793-4e9e-a5fc-499f87d9034f
      X-Runtime:
      - '0.019237'
      X-XSS-Protection:
      - 1; mode=block
    status:
      code: 200
      message: OK
- request:
    body: null
    headers:
      Accept:
      - '*/*'
      Accept-Encoding:
      - gzip, deflate
      Connection:
      - keep-alive
      User-Agent:
      - mastodonpy
    method: GET
    uri: http://localhost:3000/api/v1/instance/
  response:
    body:
      string: '{"uri":"localhost:3000","title":"Mastodon","short_description":"","description":"","email":"","version":"4.0.0rc2","urls":{"streaming_api":"ws://localhost:4000"},"stats":{"user_count":4,"status_count":1,"domain_count":0},"thumbnail":"http://localhost:3000/packs/media/images/preview-6399aebd96ccf025654e2977454f168f.png","languages":["en"],"registrations":true,"approval_required":false,"invites_enabled":true,"configuration":{"accounts":{"max_featured_tags":10},"statuses":{"max_characters":500,"max_media_attachments":4,"characters_reserved_per_url":23},"media_attachments":{"supported_mime_types":["image/jpeg","image/png","image/gif","image/heic","image/heif","image/webp","image/avif","video/webm","video/mp4","video/quicktime","video/ogg","audio/wave","audio/wav","audio/x-wav","audio/x-pn-wave","audio/vnd.wave","audio/ogg","audio/vorbis","audio/mpeg","audio/mp3","audio/webm","audio/flac","audio/aac","audio/m4a","audio/x-m4a","audio/mp4","audio/3gpp","video/x-ms-asf"],"image_size_limit":10485760,"image_matrix_limit":16777216,"video_size_limit":41943040,"video_frame_rate_limit":60,"video_matrix_limit":2304000},"polls":{"max_options":4,"max_characters_per_option":50,"min_expiration":300,"max_expiration":2629746}},"contact_account":null,"rules":[]}'
    headers:
      Cache-Control:
      - max-age=180, public
      Content-Security-Policy:
      - 'base-uri ''none''; default-src ''none''; frame-ancestors ''none''; font-src
        ''self'' http://localhost:3000; img-src ''self'' https: data: blob: http://localhost:3000;
        style-src ''self'' http://localhost:3000 ''nonce-hV5xn8pa5xSjxh2uUz8OTQ=='';
        media-src ''self'' https: data: http://localhost:3000; frame-src ''self''
        https:; manifest-src ''self'' http://localhost:3000; connect-src ''self''
        data: blob: http://localhost:3000 http://localhost:3000 ws://localhost:4000
        ws://localhost:3035 http://localhost:3035; script-src ''self'' ''unsafe-inline''
        ''unsafe-eval'' http://localhost:3000; child-src ''self'' blob: http://localhost:3000;
        worker-src ''self'' blob: http://localhost:3000'
      Content-Type:
      - application/json; charset=utf-8
      Date:
      - Sat, 19 Nov 2022 00:42:50 GMT
      ETag:
      - W/"bf317ffab393d8d1da7195269f28968a"
      Referrer-Policy:
      - strict-origin-when-cross-origin
      Transfer-Encoding:
      - chunked
      Vary:
      - Accept, Origin
      X-Content-Type-Options:
      - nosniff
      X-Download-Options:
      - noopen
      X-Frame-Options:
      - SAMEORIGIN
      X-Permitted-Cross-Domain-Policies:
      - none
      X-Request-Id:
      - db081cf0-008b-4275-905b-1876bfa8ac2c
      X-Runtime:
      - '0.026012'
      X-XSS-Protection:
      - 1; mode=block
    status:
      code: 200
      message: OK
- request:
    body: scope=read+write+follow+push&client_id=9DDlTyFQTaOhwwsE-2PEsjDtM8jWc2D13Ime8CdmPwo&client_secret=Am5e7oZcz_9BEasr9m89csTdufGY2k2BeuZ58JHugag&grant_type=client_credentials
    headers:
      Accept:
      - '*/*'
      Accept-Encoding:
      - gzip, deflate
      Connection:
      - keep-alive
      Content-Length:
      - '170'
      Content-Type:
      - application/x-www-form-urlencoded
      User-Agent:
      - mastodonpy
    method: POST
    uri: http://localhost:3000/oauth/token
  response:
    body:
      string: '{"access_token":"x4qsLhbDZJXdRYZ75IZ6Jl0-rX6yeKQ93r92jk0kPj0","token_type":"Bearer","scope":"read
        write follow push","created_at":1668818570}'
    headers:
      Cache-Control:
      - no-store
      Content-Security-Policy:
      - 'base-uri ''none''; default-src ''none''; frame-ancestors ''none''; font-src
        ''self'' http://localhost:3000; img-src ''self'' https: data: blob: http://localhost:3000;
        style-src ''self'' http://localhost:3000 ''nonce-Uu4yxjelpNYSUjmu/pFY5w=='';
        media-src ''self'' https: data: http://localhost:3000; frame-src ''self''
        https:; manifest-src ''self'' http://localhost:3000; connect-src ''self''
        data: blob: http://localhost:3000 http://localhost:3000 ws://localhost:4000
        ws://localhost:3035 http://localhost:3035; script-src ''self'' ''unsafe-inline''
        ''unsafe-eval'' http://localhost:3000; child-src ''self'' blob: http://localhost:3000;
        worker-src ''self'' blob: http://localhost:3000'
      Content-Type:
      - application/json; charset=utf-8
      ETag:
      - W/"2daccbf2ce3a2b5f5c6ce60e1f53499f"
      Pragma:
      - no-cache
      Referrer-Policy:
      - strict-origin-when-cross-origin
      Transfer-Encoding:
      - chunked
      Vary:
      - Accept, Origin
      X-Content-Type-Options:
      - nosniff
      X-Download-Options:
      - noopen
      X-Frame-Options:
      - SAMEORIGIN
      X-Permitted-Cross-Domain-Policies:
      - none
      X-Request-Id:
      - 51fe3512-91fe-4596-ae09-3f063adab91a
      X-Runtime:
      - '0.012525'
      X-XSS-Protection:
      - 1; mode=block
    status:
      code: 200
      message: OK
- request:
    body: username=coolguy43645&password=swordfish&email=email%40localhost43645&agreement=1&locale=en&return_detailed_error=0&client_id=9DDlTyFQTaOhwwsE-2PEsjDtM8jWc2D13Ime8CdmPwo&client_secret=Am5e7oZcz_9BEasr9m89csTdufGY2k2BeuZ58JHugag
    headers:
      Accept:
      - '*/*'
      Accept-Encoding:
      - gzip, deflate
      Authorization:
      - Bearer x4qsLhbDZJXdRYZ75IZ6Jl0-rX6yeKQ93r92jk0kPj0
      Connection:
      - keep-alive
      Content-Length:
      - '227'
      Content-Type:
      - application/x-www-form-urlencoded
      User-Agent:
      - mastodonpy
    method: POST
    uri: http://localhost:3000/api/v1/accounts
  response:
    body:
      string: '{"access_token":"psmbZ0AF3c-e1zzsyXelWKwmzI8uYaN3Ty6N-w1H_FA","token_type":"Bearer","scope":"read
        write follow push","created_at":1668818570}'
    headers:
      Cache-Control:
      - no-store
      Content-Security-Policy:
      - 'base-uri ''none''; default-src ''none''; frame-ancestors ''none''; font-src
        ''self'' http://localhost:3000; img-src ''self'' https: data: blob: http://localhost:3000;
        style-src ''self'' http://localhost:3000 ''nonce-nxPK67McjtZGp8DpCCBCww=='';
        media-src ''self'' https: data: http://localhost:3000; frame-src ''self''
        https:; manifest-src ''self'' http://localhost:3000; connect-src ''self''
        data: blob: http://localhost:3000 http://localhost:3000 ws://localhost:4000
        ws://localhost:3035 http://localhost:3035; script-src ''self'' ''unsafe-inline''
        ''unsafe-eval'' http://localhost:3000; child-src ''self'' blob: http://localhost:3000;
        worker-src ''self'' blob: http://localhost:3000'
      Content-Type:
      - application/json; charset=utf-8
      ETag:
      - W/"072c4372e9226aec48e6cf6e196f9f8a"
      Pragma:
      - no-cache
      Referrer-Policy:
      - strict-origin-when-cross-origin
      Transfer-Encoding:
      - chunked
      Vary:
      - Origin
      X-Content-Type-Options:
      - nosniff
      X-Download-Options:
      - noopen
      X-Frame-Options:
      - SAMEORIGIN
      X-Permitted-Cross-Domain-Policies:
      - none
      X-Request-Id:
      - 5fce1684-15a9-4b68-9833-e7480515afbd
      X-Runtime:
      - '0.074468'
      X-XSS-Protection:
      - 1; mode=block
    status:
      code: 200
      message: OK
- request:
    body: null
    headers:
      Accept:
      - '*/*'
      Accept-Encoding:
      - gzip, deflate
      Authorization:
      - Bearer psmbZ0AF3c-e1zzsyXelWKwmzI8uYaN3Ty6N-w1H_FA
      Connection:
      - keep-alive
      Content-Length:
      - '0'
      User-Agent:
      - mastodonpy
    method: POST
    uri: http://localhost:3000/api/v1/emails/confirmations
  response:
    body:
      string: '{}'
    headers:
      Cache-Control:
      - no-store
      Content-Security-Policy:
      - 'base-uri ''none''; default-src ''none''; frame-ancestors ''none''; font-src
        ''self'' http://localhost:3000; img-src ''self'' https: data: blob: http://localhost:3000;
        style-src ''self'' http://localhost:3000 ''nonce-NfQV+twS0SxHAI89eD9kDw=='';
        media-src ''self'' https: data: http://localhost:3000; frame-src ''self''
        https:; manifest-src ''self'' http://localhost:3000; connect-src ''self''
        data: blob: http://localhost:3000 http://localhost:3000 ws://localhost:4000
        ws://localhost:3035 http://localhost:3035; script-src ''self'' ''unsafe-inline''
        ''unsafe-eval'' http://localhost:3000; child-src ''self'' blob: http://localhost:3000;
        worker-src ''self'' blob: http://localhost:3000'
      Content-Type:
      - application/json; charset=utf-8
      ETag:
      - W/"44136fa355b3678a1146ad16f7e8649e"
      Referrer-Policy:
      - strict-origin-when-cross-origin
      Transfer-Encoding:
      - chunked
      Vary:
      - Accept, Origin
      X-Content-Type-Options:
      - nosniff
      X-Download-Options:
      - noopen
      X-Frame-Options:
      - SAMEORIGIN
      X-Permitted-Cross-Domain-Policies:
      - none
      X-Request-Id:
      - 98e18beb-441c-4c22-bd43-375c0abe8f90
      X-Runtime:
      - '0.019927'
      X-XSS-Protection:
      - 1; mode=block
    status:
      code: 200
      message: OK
version: 1
