interactions:
- request:
    body: status=Toot%21
    headers:
      Accept:
      - '*/*'
      Accept-Encoding:
      - gzip, deflate
      Authorization:
      - Bearer __MASTODON_PY_TEST_ACCESS_TOKEN
      Connection:
      - keep-alive
      Content-Length:
      - '14'
      Content-Type:
      - application/x-www-form-urlencoded
      User-Agent:
      - tests/v311
    method: POST
    uri: http://localhost:3000/api/v1/statuses
  response:
    body:
      string: '{"id":"109367704089492906","created_at":"2022-11-19T00:45:26.952Z","in_reply_to_id":null,"in_reply_to_account_id":null,"sensitive":false,"spoiler_text":"","visibility":"public","language":"ja","uri":"http://localhost:3000/users/mastodonpy_test/statuses/109367704089492906","url":"http://localhost:3000/@mastodonpy_test/109367704089492906","replies_count":0,"reblogs_count":0,"favourites_count":0,"edited_at":null,"favourited":false,"reblogged":false,"muted":false,"bookmarked":false,"pinned":false,"content":"\u003cp\u003eToot!\u003c/p\u003e","filtered":[],"reblog":null,"application":{"name":"Mastodon.py
        test suite","website":null},"account":{"id":"109367691239664003","username":"mastodonpy_test","acct":"mastodonpy_test","display_name":"John
        Lennon","locked":true,"bot":false,"discoverable":null,"group":false,"created_at":"2022-11-19T00:00:00.000Z","note":"\u003cp\u003eI
        walk funny\u003c/p\u003e","url":"http://localhost:3000/@mastodonpy_test","avatar":"http://localhost:3000/system/accounts/avatars/109/367/691/239/664/003/original/1063e26998b14a98.jpg","avatar_static":"http://localhost:3000/system/accounts/avatars/109/367/691/239/664/003/original/1063e26998b14a98.jpg","header":"http://localhost:3000/system/accounts/headers/109/367/691/239/664/003/original/a07903ff76e88927.jpg","header_static":"http://localhost:3000/system/accounts/headers/109/367/691/239/664/003/original/a07903ff76e88927.jpg","followers_count":0,"following_count":0,"statuses_count":6,"last_status_at":"2022-11-19","noindex":false,"emojis":[],"fields":[{"name":"bread","value":"toasty.","verified_at":null},{"name":"lasagna","value":"no!!!","verified_at":null}]},"media_attachments":[],"mentions":[],"tags":[],"emojis":[],"card":null,"poll":null}'
    headers:
      Cache-Control:
      - no-store
      Content-Security-Policy:
      - 'base-uri ''none''; default-src ''none''; frame-ancestors ''none''; font-src
        ''self'' http://localhost:3000; img-src ''self'' https: data: blob: http://localhost:3000;
        style-src ''self'' http://localhost:3000 ''nonce-PdmJIVoU17unuSyt2C7Yzg=='';
        media-src ''self'' https: data: http://localhost:3000; frame-src ''self''
        https:; manifest-src ''self'' http://localhost:3000; connect-src ''self''
        data: blob: http://localhost:3000 http://localhost:3000 ws://localhost:4000
        ws://localhost:3035 http://localhost:3035; script-src ''self'' ''unsafe-inline''
        ''unsafe-eval'' http://localhost:3000; child-src ''self'' blob: http://localhost:3000;
        worker-src ''self'' blob: http://localhost:3000'
      Content-Type:
      - application/json; charset=utf-8
      ETag:
      - W/"2e1614b7a34231c0249396aa5774aa47"
      Referrer-Policy:
      - strict-origin-when-cross-origin
      Transfer-Encoding:
      - chunked
      Vary:
      - Accept, Origin
      X-Content-Type-Options:
      - nosniff
      X-Download-Options:
      - noopen
      X-Frame-Options:
      - SAMEORIGIN
      X-Permitted-Cross-Domain-Policies:
      - none
      X-RateLimit-Limit:
      - '300'
      X-RateLimit-Remaining:
      - '193'
      X-RateLimit-Reset:
      - '2022-11-19T03:00:00.972704Z'
      X-Request-Id:
      - 52edb755-8beb-4a16-b69a-a12bb749e21a
      X-Runtime:
      - '0.032823'
      X-XSS-Protection:
      - 1; mode=block
    status:
      code: 200
      message: OK
- request:
    body: null
    headers:
      Accept:
      - '*/*'
      Accept-Encoding:
      - gzip, deflate
      Authorization:
      - Bearer __MASTODON_PY_TEST_ACCESS_TOKEN
      Connection:
      - keep-alive
      User-Agent:
      - tests/v311
    method: GET
    uri: http://localhost:3000/api/v1/timelines/home
  response:
    body:
      string: '[{"id":"109367704089492906","created_at":"2022-11-19T00:45:26.952Z","in_reply_to_id":null,"in_reply_to_account_id":null,"sensitive":false,"spoiler_text":"","visibility":"public","language":"ja","uri":"http://localhost:3000/users/mastodonpy_test/statuses/109367704089492906","url":"http://localhost:3000/@mastodonpy_test/109367704089492906","replies_count":0,"reblogs_count":0,"favourites_count":0,"edited_at":null,"favourited":false,"reblogged":false,"muted":false,"bookmarked":false,"pinned":false,"content":"\u003cp\u003eToot!\u003c/p\u003e","filtered":[],"reblog":null,"application":{"name":"Mastodon.py
        test suite","website":null},"account":{"id":"109367691239664003","username":"mastodonpy_test","acct":"mastodonpy_test","display_name":"John
        Lennon","locked":true,"bot":false,"discoverable":null,"group":false,"created_at":"2022-11-19T00:00:00.000Z","note":"\u003cp\u003eI
        walk funny\u003c/p\u003e","url":"http://localhost:3000/@mastodonpy_test","avatar":"http://localhost:3000/system/accounts/avatars/109/367/691/239/664/003/original/1063e26998b14a98.jpg","avatar_static":"http://localhost:3000/system/accounts/avatars/109/367/691/239/664/003/original/1063e26998b14a98.jpg","header":"http://localhost:3000/system/accounts/headers/109/367/691/239/664/003/original/a07903ff76e88927.jpg","header_static":"http://localhost:3000/system/accounts/headers/109/367/691/239/664/003/original/a07903ff76e88927.jpg","followers_count":0,"following_count":0,"statuses_count":5,"last_status_at":"2022-11-19","noindex":false,"emojis":[],"fields":[{"name":"bread","value":"toasty.","verified_at":null},{"name":"lasagna","value":"no!!!","verified_at":null}]},"media_attachments":[],"mentions":[],"tags":[],"emojis":[],"card":null,"poll":null},{"id":"109367701237006152","created_at":"2022-11-19T00:44:43.426Z","in_reply_to_id":null,"in_reply_to_account_id":null,"sensitive":false,"spoiler_text":"","visibility":"public","language":"ja","uri":"http://localhost:3000/users/mastodonpy_test/statuses/109367701237006152","url":"http://localhost:3000/@mastodonpy_test/109367701237006152","replies_count":0,"reblogs_count":0,"favourites_count":0,"edited_at":null,"favourited":false,"reblogged":false,"muted":false,"bookmarked":false,"pinned":false,"content":"\u003cp\u003eit\u0026#39;s
        cool guy\u003c/p\u003e","filtered":[],"reblog":null,"application":{"name":"Mastodon.py
        test suite","website":null},"account":{"id":"109367691239664003","username":"mastodonpy_test","acct":"mastodonpy_test","display_name":"John
        Lennon","locked":true,"bot":false,"discoverable":null,"group":false,"created_at":"2022-11-19T00:00:00.000Z","note":"\u003cp\u003eI
        walk funny\u003c/p\u003e","url":"http://localhost:3000/@mastodonpy_test","avatar":"http://localhost:3000/system/accounts/avatars/109/367/691/239/664/003/original/1063e26998b14a98.jpg","avatar_static":"http://localhost:3000/system/accounts/avatars/109/367/691/239/664/003/original/1063e26998b14a98.jpg","header":"http://localhost:3000/system/accounts/headers/109/367/691/239/664/003/original/a07903ff76e88927.jpg","header_static":"http://localhost:3000/system/accounts/headers/109/367/691/239/664/003/original/a07903ff76e88927.jpg","followers_count":0,"following_count":0,"statuses_count":5,"last_status_at":"2022-11-19","noindex":false,"emojis":[],"fields":[{"name":"bread","value":"toasty.","verified_at":null},{"name":"lasagna","value":"no!!!","verified_at":null}]},"media_attachments":[],"mentions":[],"tags":[],"emojis":[],"card":null,"poll":null},{"id":"109367698462189901","created_at":"2022-11-19T00:44:01.087Z","in_reply_to_id":null,"in_reply_to_account_id":null,"sensitive":false,"spoiler_text":"","visibility":"public","language":"ja","uri":"http://localhost:3000/users/mastodonpy_test/statuses/109367698462189901","url":"http://localhost:3000/@mastodonpy_test/109367698462189901","replies_count":0,"reblogs_count":0,"favourites_count":0,"edited_at":null,"favourited":false,"reblogged":false,"muted":false,"bookmarked":false,"pinned":false,"content":"\u003cp\u003eplease
        ensure adequate headroom\u003c/p\u003e","filtered":[],"reblog":null,"application":{"name":"Mastodon.py
        test suite","website":null},"account":{"id":"109367691239664003","username":"mastodonpy_test","acct":"mastodonpy_test","display_name":"John
        Lennon","locked":true,"bot":false,"discoverable":null,"group":false,"created_at":"2022-11-19T00:00:00.000Z","note":"\u003cp\u003eI
        walk funny\u003c/p\u003e","url":"http://localhost:3000/@mastodonpy_test","avatar":"http://localhost:3000/system/accounts/avatars/109/367/691/239/664/003/original/1063e26998b14a98.jpg","avatar_static":"http://localhost:3000/system/accounts/avatars/109/367/691/239/664/003/original/1063e26998b14a98.jpg","header":"http://localhost:3000/system/accounts/headers/109/367/691/239/664/003/original/a07903ff76e88927.jpg","header_static":"http://localhost:3000/system/accounts/headers/109/367/691/239/664/003/original/a07903ff76e88927.jpg","followers_count":0,"following_count":0,"statuses_count":5,"last_status_at":"2022-11-19","noindex":false,"emojis":[],"fields":[{"name":"bread","value":"toasty.","verified_at":null},{"name":"lasagna","value":"no!!!","verified_at":null}]},"media_attachments":[],"mentions":[],"tags":[],"emojis":[],"card":null,"poll":null}]'
    headers:
      Cache-Control:
      - no-store
      Content-Security-Policy:
      - 'base-uri ''none''; default-src ''none''; frame-ancestors ''none''; font-src
        ''self'' http://localhost:3000; img-src ''self'' https: data: blob: http://localhost:3000;
        style-src ''self'' http://localhost:3000 ''nonce-hUa10dkI1KefNag13tgbBA=='';
        media-src ''self'' https: data: http://localhost:3000; frame-src ''self''
        https:; manifest-src ''self'' http://localhost:3000; connect-src ''self''
        data: blob: http://localhost:3000 http://localhost:3000 ws://localhost:4000
        ws://localhost:3035 http://localhost:3035; script-src ''self'' ''unsafe-inline''
        ''unsafe-eval'' http://localhost:3000; child-src ''self'' blob: http://localhost:3000;
        worker-src ''self'' blob: http://localhost:3000'
      Content-Type:
      - application/json; charset=utf-8
      ETag:
      - W/"2ecb88cc916adfe47fd80940237552fc"
      Link:
      - <http://localhost:3000/api/v1/timelines/home?max_id=109367698462189901>; rel="next",
        <http://localhost:3000/api/v1/timelines/home?min_id=109367704089492906>; rel="prev"
      Referrer-Policy:
      - strict-origin-when-cross-origin
      Transfer-Encoding:
      - chunked
      Vary:
      - Accept, Origin
      X-Content-Type-Options:
      - nosniff
      X-Download-Options:
      - noopen
      X-Frame-Options:
      - SAMEORIGIN
      X-Permitted-Cross-Domain-Policies:
      - none
      X-Request-Id:
      - 6c1a3796-1e81-4117-ac9e-27ba76de3c00
      X-Runtime:
      - '0.029141'
      X-XSS-Protection:
      - 1; mode=block
    status:
      code: 200
      message: OK
- request:
    body: null
    headers:
      Accept:
      - '*/*'
      Accept-Encoding:
      - gzip, deflate
      Authorization:
      - Bearer __MASTODON_PY_TEST_ACCESS_TOKEN
      Connection:
      - keep-alive
      Content-Length:
      - '0'
      User-Agent:
      - tests/v311
    method: DELETE
    uri: http://localhost:3000/api/v1/statuses/109367704089492906
  response:
    body:
      string: '{"id":"109367704089492906","created_at":"2022-11-19T00:45:26.952Z","in_reply_to_id":null,"in_reply_to_account_id":null,"sensitive":false,"spoiler_text":"","visibility":"public","language":"ja","uri":"http://localhost:3000/users/mastodonpy_test/statuses/109367704089492906","url":"http://localhost:3000/@mastodonpy_test/109367704089492906","replies_count":0,"reblogs_count":0,"favourites_count":0,"edited_at":null,"favourited":false,"reblogged":false,"muted":false,"bookmarked":false,"pinned":false,"text":"Toot!","filtered":[],"reblog":null,"application":{"name":"Mastodon.py
        test suite","website":null},"account":{"id":"109367691239664003","username":"mastodonpy_test","acct":"mastodonpy_test","display_name":"John
        Lennon","locked":true,"bot":false,"discoverable":null,"group":false,"created_at":"2022-11-19T00:00:00.000Z","note":"\u003cp\u003eI
        walk funny\u003c/p\u003e","url":"http://localhost:3000/@mastodonpy_test","avatar":"http://localhost:3000/system/accounts/avatars/109/367/691/239/664/003/original/1063e26998b14a98.jpg","avatar_static":"http://localhost:3000/system/accounts/avatars/109/367/691/239/664/003/original/1063e26998b14a98.jpg","header":"http://localhost:3000/system/accounts/headers/109/367/691/239/664/003/original/a07903ff76e88927.jpg","header_static":"http://localhost:3000/system/accounts/headers/109/367/691/239/664/003/original/a07903ff76e88927.jpg","followers_count":0,"following_count":0,"statuses_count":4,"last_status_at":"2022-11-19","noindex":false,"emojis":[],"fields":[{"name":"bread","value":"toasty.","verified_at":null},{"name":"lasagna","value":"no!!!","verified_at":null}]},"media_attachments":[],"mentions":[],"tags":[],"emojis":[],"card":null,"poll":null}'
    headers:
      Cache-Control:
      - no-store
      Content-Security-Policy:
      - 'base-uri ''none''; default-src ''none''; frame-ancestors ''none''; font-src
        ''self'' http://localhost:3000; img-src ''self'' https: data: blob: http://localhost:3000;
        style-src ''self'' http://localhost:3000 ''nonce-+EhK9cvqgZPmfHHm32ebJQ=='';
        media-src ''self'' https: data: http://localhost:3000; frame-src ''self''
        https:; manifest-src ''self'' http://localhost:3000; connect-src ''self''
        data: blob: http://localhost:3000 http://localhost:3000 ws://localhost:4000
        ws://localhost:3035 http://localhost:3035; script-src ''self'' ''unsafe-inline''
        ''unsafe-eval'' http://localhost:3000; child-src ''self'' blob: http://localhost:3000;
        worker-src ''self'' blob: http://localhost:3000'
      Content-Type:
      - application/json; charset=utf-8
      ETag:
      - W/"02853dd6a48f9c9c76ef2fcb963f0cee"
      Referrer-Policy:
      - strict-origin-when-cross-origin
      Transfer-Encoding:
      - chunked
      Vary:
      - Accept, Origin
      X-Content-Type-Options:
      - nosniff
      X-Download-Options:
      - noopen
      X-Frame-Options:
      - SAMEORIGIN
      X-Permitted-Cross-Domain-Policies:
      - none
      X-Request-Id:
      - 885b6223-9d6a-4184-a744-1973171f9874
      X-Runtime:
      - '0.025978'
      X-XSS-Protection:
      - 1; mode=block
    status:
      code: 200
      message: OK
version: 1
