interactions:
- request:
    body: null
    headers:
      Accept:
      - '*/*'
      Accept-Encoding:
      - gzip, deflate
      Authorization:
      - Bearer __MASTODON_PY_TEST_ACCESS_TOKEN
      Connection:
      - keep-alive
      User-Agent:
      - tests/v311
    method: GET
    uri: http://localhost:3000/api/v1/accounts/search?q=admin&following=0
  response:
    body:
      string: '[{"id":"109337440467895233","username":"admin","acct":"admin","display_name":"","locked":false,"bot":false,"discoverable":null,"group":false,"created_at":"2022-11-13T00:00:00.000Z","note":"","url":"http://localhost:3000/@admin","avatar":"http://localhost:3000/avatars/original/missing.png","avatar_static":"http://localhost:3000/avatars/original/missing.png","header":"http://localhost:3000/headers/original/missing.png","header_static":"http://localhost:3000/headers/original/missing.png","followers_count":0,"following_count":0,"statuses_count":0,"last_status_at":null,"noindex":false,"emojis":[],"fields":[]},{"id":"109337440575107632","username":"admin2","acct":"admin2","display_name":"","locked":false,"bot":false,"discoverable":null,"group":false,"created_at":"2022-11-13T00:00:00.000Z","note":"","url":"http://localhost:3000/@admin2","avatar":"http://localhost:3000/avatars/original/missing.png","avatar_static":"http://localhost:3000/avatars/original/missing.png","header":"http://localhost:3000/headers/original/missing.png","header_static":"http://localhost:3000/headers/original/missing.png","followers_count":0,"following_count":0,"statuses_count":0,"last_status_at":null,"noindex":false,"emojis":[],"fields":[]}]'
    headers:
      Cache-Control:
      - no-store
      Content-Security-Policy:
      - 'base-uri ''none''; default-src ''none''; frame-ancestors ''none''; font-src
        ''self'' http://localhost:3000; img-src ''self'' https: data: blob: http://localhost:3000;
        style-src ''self'' http://localhost:3000 ''nonce-MoeBrXQp6N1YXcxqa/hVgw=='';
        media-src ''self'' https: data: http://localhost:3000; frame-src ''self''
        https:; manifest-src ''self'' http://localhost:3000; connect-src ''self''
        data: blob: http://localhost:3000 http://localhost:3000 ws://localhost:4000
        ws://localhost:3035 http://localhost:3035; script-src ''self'' ''unsafe-inline''
        ''unsafe-eval'' http://localhost:3000; child-src ''self'' blob: http://localhost:3000;
        worker-src ''self'' blob: http://localhost:3000'
      Content-Type:
      - application/json; charset=utf-8
      ETag:
      - W/"fd90f5989e14c7bd621d7cbb5bdac3cb"
      Referrer-Policy:
      - strict-origin-when-cross-origin
      Transfer-Encoding:
      - chunked
      Vary:
      - Accept, Origin
      X-Content-Type-Options:
      - nosniff
      X-Download-Options:
      - noopen
      X-Frame-Options:
      - SAMEORIGIN
      X-Permitted-Cross-Domain-Policies:
      - none
      X-Request-Id:
      - fcb4d02d-4b52-47e7-9ad1-fb4942e963e9
      X-Runtime:
      - '0.017932'
      X-XSS-Protection:
      - 1; mode=block
    status:
      code: 200
      message: OK
- request:
    body: id=109337440467895233&reblogs=1&notify=0
    headers:
      Accept:
      - '*/*'
      Accept-Encoding:
      - gzip, deflate
      Authorization:
      - Bearer __MASTODON_PY_TEST_ACCESS_TOKEN
      Connection:
      - keep-alive
      Content-Length:
      - '40'
      Content-Type:
      - application/x-www-form-urlencoded
      User-Agent:
      - tests/v311
    method: POST
    uri: http://localhost:3000/api/v1/accounts/109337440467895233/follow
  response:
    body:
      string: '{"id":"109337440467895233","following":true,"showing_reblogs":true,"notifying":false,"languages":null,"followed_by":false,"blocking":false,"blocked_by":false,"muting":false,"muting_notifications":false,"requested":false,"domain_blocking":false,"endorsed":false,"note":""}'
    headers:
      Cache-Control:
      - no-store
      Content-Security-Policy:
      - 'base-uri ''none''; default-src ''none''; frame-ancestors ''none''; font-src
        ''self'' http://localhost:3000; img-src ''self'' https: data: blob: http://localhost:3000;
        style-src ''self'' http://localhost:3000 ''nonce-j5Ykmyn5vzLYLxlQJGa4rA=='';
        media-src ''self'' https: data: http://localhost:3000; frame-src ''self''
        https:; manifest-src ''self'' http://localhost:3000; connect-src ''self''
        data: blob: http://localhost:3000 http://localhost:3000 ws://localhost:4000
        ws://localhost:3035 http://localhost:3035; script-src ''self'' ''unsafe-inline''
        ''unsafe-eval'' http://localhost:3000; child-src ''self'' blob: http://localhost:3000;
        worker-src ''self'' blob: http://localhost:3000'
      Content-Type:
      - application/json; charset=utf-8
      ETag:
      - W/"f41bc668e73edcd14927a1be77af4e10"
      Referrer-Policy:
      - strict-origin-when-cross-origin
      Transfer-Encoding:
      - chunked
      Vary:
      - Accept, Origin
      X-Content-Type-Options:
      - nosniff
      X-Download-Options:
      - noopen
      X-Frame-Options:
      - SAMEORIGIN
      X-Permitted-Cross-Domain-Policies:
      - none
      X-RateLimit-Limit:
      - '400'
      X-RateLimit-Remaining:
      - '399'
      X-RateLimit-Reset:
      - '2022-11-14T00:00:00.477728Z'
      X-Request-Id:
      - 607939e7-058f-435f-bb87-411cf6b34d36
      X-Runtime:
      - '0.030497'
      X-XSS-Protection:
      - 1; mode=block
    status:
      code: 200
      message: OK
- request:
    body: null
    headers:
      Accept:
      - '*/*'
      Accept-Encoding:
      - gzip, deflate
      Authorization:
      - Bearer __MASTODON_PY_TEST_ACCESS_TOKEN
      Connection:
      - keep-alive
      User-Agent:
      - tests/v311
    method: GET
    uri: http://localhost:3000/api/v1/accounts/search?q=admin&following=1
  response:
    body:
      string: '[{"id":"109337440467895233","username":"admin","acct":"admin","display_name":"","locked":false,"bot":false,"discoverable":null,"group":false,"created_at":"2022-11-13T00:00:00.000Z","note":"","url":"http://localhost:3000/@admin","avatar":"http://localhost:3000/avatars/original/missing.png","avatar_static":"http://localhost:3000/avatars/original/missing.png","header":"http://localhost:3000/headers/original/missing.png","header_static":"http://localhost:3000/headers/original/missing.png","followers_count":1,"following_count":0,"statuses_count":0,"last_status_at":null,"noindex":false,"emojis":[],"fields":[]}]'
    headers:
      Cache-Control:
      - no-store
      Content-Security-Policy:
      - 'base-uri ''none''; default-src ''none''; frame-ancestors ''none''; font-src
        ''self'' http://localhost:3000; img-src ''self'' https: data: blob: http://localhost:3000;
        style-src ''self'' http://localhost:3000 ''nonce-enmk2TPCP+/Ixsd/dYJgjw=='';
        media-src ''self'' https: data: http://localhost:3000; frame-src ''self''
        https:; manifest-src ''self'' http://localhost:3000; connect-src ''self''
        data: blob: http://localhost:3000 http://localhost:3000 ws://localhost:4000
        ws://localhost:3035 http://localhost:3035; script-src ''self'' ''unsafe-inline''
        ''unsafe-eval'' http://localhost:3000; child-src ''self'' blob: http://localhost:3000;
        worker-src ''self'' blob: http://localhost:3000'
      Content-Type:
      - application/json; charset=utf-8
      ETag:
      - W/"a28dd5b97fe3d6be03a9efb65a44c10b"
      Referrer-Policy:
      - strict-origin-when-cross-origin
      Transfer-Encoding:
      - chunked
      Vary:
      - Accept, Origin
      X-Content-Type-Options:
      - nosniff
      X-Download-Options:
      - noopen
      X-Frame-Options:
      - SAMEORIGIN
      X-Permitted-Cross-Domain-Policies:
      - none
      X-Request-Id:
      - 13d8dc1c-8e22-4156-8f66-dc8ebfd20d8e
      X-Runtime:
      - '0.010986'
      X-XSS-Protection:
      - 1; mode=block
    status:
      code: 200
      message: OK
- request:
    body: null
    headers:
      Accept:
      - '*/*'
      Accept-Encoding:
      - gzip, deflate
      Authorization:
      - Bearer __MASTODON_PY_TEST_ACCESS_TOKEN
      Connection:
      - keep-alive
      Content-Length:
      - '0'
      User-Agent:
      - tests/v311
    method: POST
    uri: http://localhost:3000/api/v1/accounts/109337440467895233/unfollow
  response:
    body:
      string: '{"id":"109337440467895233","following":false,"showing_reblogs":false,"notifying":false,"languages":null,"followed_by":false,"blocking":false,"blocked_by":false,"muting":false,"muting_notifications":false,"requested":false,"domain_blocking":false,"endorsed":false,"note":""}'
    headers:
      Cache-Control:
      - no-store
      Content-Security-Policy:
      - 'base-uri ''none''; default-src ''none''; frame-ancestors ''none''; font-src
        ''self'' http://localhost:3000; img-src ''self'' https: data: blob: http://localhost:3000;
        style-src ''self'' http://localhost:3000 ''nonce-W2RFER49n95xaEY/ENpeCQ=='';
        media-src ''self'' https: data: http://localhost:3000; frame-src ''self''
        https:; manifest-src ''self'' http://localhost:3000; connect-src ''self''
        data: blob: http://localhost:3000 http://localhost:3000 ws://localhost:4000
        ws://localhost:3035 http://localhost:3035; script-src ''self'' ''unsafe-inline''
        ''unsafe-eval'' http://localhost:3000; child-src ''self'' blob: http://localhost:3000;
        worker-src ''self'' blob: http://localhost:3000'
      Content-Type:
      - application/json; charset=utf-8
      ETag:
      - W/"214f278429bf712708e952ee2355bf5e"
      Referrer-Policy:
      - strict-origin-when-cross-origin
      Transfer-Encoding:
      - chunked
      Vary:
      - Accept, Origin
      X-Content-Type-Options:
      - nosniff
      X-Download-Options:
      - noopen
      X-Frame-Options:
      - SAMEORIGIN
      X-Permitted-Cross-Domain-Policies:
      - none
      X-Request-Id:
      - b05d6a99-86b3-490f-8da5-1a6a2475c72e
      X-Runtime:
      - '0.021831'
      X-XSS-Protection:
      - 1; mode=block
    status:
      code: 200
      message: OK
- request:
    body: null
    headers:
      Accept:
      - '*/*'
      Accept-Encoding:
      - gzip, deflate
      Authorization:
      - Bearer __MASTODON_PY_TEST_ACCESS_TOKEN
      Connection:
      - keep-alive
      User-Agent:
      - tests/v311
    method: GET
    uri: http://localhost:3000/api/v1/accounts/search?q=admin&following=1
  response:
    body:
      string: '[]'
    headers:
      Cache-Control:
      - no-store
      Content-Security-Policy:
      - 'base-uri ''none''; default-src ''none''; frame-ancestors ''none''; font-src
        ''self'' http://localhost:3000; img-src ''self'' https: data: blob: http://localhost:3000;
        style-src ''self'' http://localhost:3000 ''nonce-ZOZu1/F01VoA0O2M4ReWRw=='';
        media-src ''self'' https: data: http://localhost:3000; frame-src ''self''
        https:; manifest-src ''self'' http://localhost:3000; connect-src ''self''
        data: blob: http://localhost:3000 http://localhost:3000 ws://localhost:4000
        ws://localhost:3035 http://localhost:3035; script-src ''self'' ''unsafe-inline''
        ''unsafe-eval'' http://localhost:3000; child-src ''self'' blob: http://localhost:3000;
        worker-src ''self'' blob: http://localhost:3000'
      Content-Type:
      - application/json; charset=utf-8
      ETag:
      - W/"4f53cda18c2baa0c0354bb5f9a3ecbe5"
      Referrer-Policy:
      - strict-origin-when-cross-origin
      Transfer-Encoding:
      - chunked
      Vary:
      - Accept, Origin
      X-Content-Type-Options:
      - nosniff
      X-Download-Options:
      - noopen
      X-Frame-Options:
      - SAMEORIGIN
      X-Permitted-Cross-Domain-Policies:
      - none
      X-Request-Id:
      - 9b2d3352-857b-494a-bdb5-f7ab09f56467
      X-Runtime:
      - '0.007927'
      X-XSS-Protection:
      - 1; mode=block
    status:
      code: 200
      message: OK
- request:
    body: null
    headers:
      Accept:
      - '*/*'
      Accept-Encoding:
      - gzip, deflate
      Authorization:
      - Bearer __MASTODON_PY_TEST_ACCESS_TOKEN
      Connection:
      - keep-alive
      User-Agent:
      - tests/v311
    method: GET
    uri: http://localhost:3000/api/v1/accounts/search?q=admin&following=0
  response:
    body:
      string: '[{"id":"109337440467895233","username":"admin","acct":"admin","display_name":"","locked":false,"bot":false,"discoverable":null,"group":false,"created_at":"2022-11-13T00:00:00.000Z","note":"","url":"http://localhost:3000/@admin","avatar":"http://localhost:3000/avatars/original/missing.png","avatar_static":"http://localhost:3000/avatars/original/missing.png","header":"http://localhost:3000/headers/original/missing.png","header_static":"http://localhost:3000/headers/original/missing.png","followers_count":0,"following_count":0,"statuses_count":0,"last_status_at":null,"noindex":false,"emojis":[],"fields":[]},{"id":"109337440575107632","username":"admin2","acct":"admin2","display_name":"","locked":false,"bot":false,"discoverable":null,"group":false,"created_at":"2022-11-13T00:00:00.000Z","note":"","url":"http://localhost:3000/@admin2","avatar":"http://localhost:3000/avatars/original/missing.png","avatar_static":"http://localhost:3000/avatars/original/missing.png","header":"http://localhost:3000/headers/original/missing.png","header_static":"http://localhost:3000/headers/original/missing.png","followers_count":0,"following_count":0,"statuses_count":0,"last_status_at":null,"noindex":false,"emojis":[],"fields":[]}]'
    headers:
      Cache-Control:
      - no-store
      Content-Security-Policy:
      - 'base-uri ''none''; default-src ''none''; frame-ancestors ''none''; font-src
        ''self'' http://localhost:3000; img-src ''self'' https: data: blob: http://localhost:3000;
        style-src ''self'' http://localhost:3000 ''nonce-+oCof0CRAlbIG88eMH/JPg=='';
        media-src ''self'' https: data: http://localhost:3000; frame-src ''self''
        https:; manifest-src ''self'' http://localhost:3000; connect-src ''self''
        data: blob: http://localhost:3000 http://localhost:3000 ws://localhost:4000
        ws://localhost:3035 http://localhost:3035; script-src ''self'' ''unsafe-inline''
        ''unsafe-eval'' http://localhost:3000; child-src ''self'' blob: http://localhost:3000;
        worker-src ''self'' blob: http://localhost:3000'
      Content-Type:
      - application/json; charset=utf-8
      ETag:
      - W/"fd90f5989e14c7bd621d7cbb5bdac3cb"
      Referrer-Policy:
      - strict-origin-when-cross-origin
      Transfer-Encoding:
      - chunked
      Vary:
      - Accept, Origin
      X-Content-Type-Options:
      - nosniff
      X-Download-Options:
      - noopen
      X-Frame-Options:
      - SAMEORIGIN
      X-Permitted-Cross-Domain-Policies:
      - none
      X-Request-Id:
      - a8b24e0b-50a6-48e1-9298-671d53df9913
      X-Runtime:
      - '0.012986'
      X-XSS-Protection:
      - 1; mode=block
    status:
      code: 200
      message: OK
version: 1
